Component: Arm Compiler for Embedded 6.22 Tool: armlink [5ee90200]

==============================================================================

Section Cross References

    exti_lib.o(.ARM.exidx.text.configure_gpio_interrupt) refers to exti_lib.o(.text.configure_gpio_interrupt) for [Anonymous Symbol]
    gpio_lib.o(.ARM.exidx.text.config_gpio) refers to gpio_lib.o(.text.config_gpio) for [Anonymous Symbol]
    gpio_lib.o(.ARM.exidx.text.write_gpio) refers to gpio_lib.o(.text.write_gpio) for [Anonymous Symbol]
    gpio_lib.o(.ARM.exidx.text.read_gpio) refers to gpio_lib.o(.text.read_gpio) for [Anonymous Symbol]
    gpio_lib.o(.text.toggle_gpio) refers to gpio_lib.o(.text.read_gpio) for read_gpio
    gpio_lib.o(.text.toggle_gpio) refers to gpio_lib.o(.text.write_gpio) for write_gpio
    gpio_lib.o(.ARM.exidx.text.toggle_gpio) refers to gpio_lib.o(.text.toggle_gpio) for [Anonymous Symbol]
    i2c_lib.o(.ARM.exidx.text.select_I2C) refers to i2c_lib.o(.text.select_I2C) for [Anonymous Symbol]
    i2c_lib.o(.text.i2c_init) refers to i2c_lib.o(.text.select_I2C) for select_I2C
    i2c_lib.o(.text.i2c_init) refers to gpio_lib.o(.text.config_gpio) for config_gpio
    i2c_lib.o(.ARM.exidx.text.i2c_init) refers to i2c_lib.o(.text.i2c_init) for [Anonymous Symbol]
    i2c_lib.o(.ARM.exidx.text.i2c_start) refers to i2c_lib.o(.text.i2c_start) for [Anonymous Symbol]
    i2c_lib.o(.text.i2c_send_address) refers to i2c_lib.o(.text.select_I2C) for select_I2C
    i2c_lib.o(.ARM.exidx.text.i2c_send_address) refers to i2c_lib.o(.text.i2c_send_address) for [Anonymous Symbol]
    i2c_lib.o(.ARM.exidx.text.i2c_send_data) refers to i2c_lib.o(.text.i2c_send_data) for [Anonymous Symbol]
    i2c_lib.o(.ARM.exidx.text.i2c_stop) refers to i2c_lib.o(.text.i2c_stop) for [Anonymous Symbol]
    i2c_lib.o(.text.i2c_write) refers to i2c_lib.o(.text.i2c_start) for i2c_start
    i2c_lib.o(.text.i2c_write) refers to i2c_lib.o(.text.i2c_send_address) for i2c_send_address
    i2c_lib.o(.text.i2c_write) refers to i2c_lib.o(.text.i2c_send_data) for i2c_send_data
    i2c_lib.o(.text.i2c_write) refers to i2c_lib.o(.text.i2c_stop) for i2c_stop
    i2c_lib.o(.ARM.exidx.text.i2c_write) refers to i2c_lib.o(.text.i2c_write) for [Anonymous Symbol]
    main.o(.text.main) refers to systic_lib.o(.text.systic_init) for systic_init
    main.o(.text.main) refers to 1602_lcd_lib.o(.text.LCD1602_init) for LCD1602_init
    main.o(.text.main) refers to systic_lib.o(.text.Delay_Sys_MS) for Delay_Sys_MS
    main.o(.text.main) refers to main.o(.rodata.str1.1) for .L.str
    main.o(.text.main) refers to 1602_lcd_lib.o(.text.LCD1602_scroll_from_right) for LCD1602_scroll_from_right
    main.o(.text.main) refers to 1602_lcd_lib.o(.text.LCD1602_scroll_from_left) for LCD1602_scroll_from_left
    main.o(.ARM.exidx.text.main) refers to main.o(.text.main) for [Anonymous Symbol]
    oled_i2c_lib.o(.text.comand_1byte) refers to i2c_lib.o(.text.i2c_start) for i2c_start
    oled_i2c_lib.o(.text.comand_1byte) refers to i2c_lib.o(.text.i2c_send_address) for i2c_send_address
    oled_i2c_lib.o(.text.comand_1byte) refers to i2c_lib.o(.text.i2c_send_data) for i2c_send_data
    oled_i2c_lib.o(.text.comand_1byte) refers to i2c_lib.o(.text.i2c_stop) for i2c_stop
    oled_i2c_lib.o(.ARM.exidx.text.comand_1byte) refers to oled_i2c_lib.o(.text.comand_1byte) for [Anonymous Symbol]
    oled_i2c_lib.o(.text.comand_2byte) refers to i2c_lib.o(.text.i2c_start) for i2c_start
    oled_i2c_lib.o(.text.comand_2byte) refers to i2c_lib.o(.text.i2c_send_address) for i2c_send_address
    oled_i2c_lib.o(.text.comand_2byte) refers to i2c_lib.o(.text.i2c_send_data) for i2c_send_data
    oled_i2c_lib.o(.text.comand_2byte) refers to i2c_lib.o(.text.i2c_stop) for i2c_stop
    oled_i2c_lib.o(.ARM.exidx.text.comand_2byte) refers to oled_i2c_lib.o(.text.comand_2byte) for [Anonymous Symbol]
    oled_i2c_lib.o(.text.oled_configure) refers to i2c_lib.o(.text.i2c_init) for i2c_init
    oled_i2c_lib.o(.text.oled_configure) refers to oled_i2c_lib.o(.text.comand_2byte) for comand_2byte
    oled_i2c_lib.o(.text.oled_configure) refers to oled_i2c_lib.o(.text.comand_1byte) for comand_1byte
    oled_i2c_lib.o(.ARM.exidx.text.oled_configure) refers to oled_i2c_lib.o(.text.oled_configure) for [Anonymous Symbol]
    oled_i2c_lib.o(.text.oled_configure_64) refers to oled_i2c_lib.o(.text.oled_configure) for oled_configure
    oled_i2c_lib.o(.ARM.exidx.text.oled_configure_64) refers to oled_i2c_lib.o(.text.oled_configure_64) for [Anonymous Symbol]
    oled_i2c_lib.o(.text.oled_configure_32) refers to oled_i2c_lib.o(.text.oled_configure) for oled_configure
    oled_i2c_lib.o(.ARM.exidx.text.oled_configure_32) refers to oled_i2c_lib.o(.text.oled_configure_32) for [Anonymous Symbol]
    oled_i2c_lib.o(.text.oled_send_data) refers to i2c_lib.o(.text.i2c_start) for i2c_start
    oled_i2c_lib.o(.text.oled_send_data) refers to i2c_lib.o(.text.i2c_send_address) for i2c_send_address
    oled_i2c_lib.o(.text.oled_send_data) refers to i2c_lib.o(.text.i2c_send_data) for i2c_send_data
    oled_i2c_lib.o(.text.oled_send_data) refers to i2c_lib.o(.text.i2c_stop) for i2c_stop
    oled_i2c_lib.o(.ARM.exidx.text.oled_send_data) refers to oled_i2c_lib.o(.text.oled_send_data) for [Anonymous Symbol]
    oled_i2c_lib.o(.text.oled_pos) refers to oled_i2c_lib.o(.text.comand_1byte) for comand_1byte
    oled_i2c_lib.o(.ARM.exidx.text.oled_pos) refers to oled_i2c_lib.o(.text.oled_pos) for [Anonymous Symbol]
    oled_i2c_lib.o(.text.oled_blank) refers to oled_i2c_lib.o(.text.oled_pos) for oled_pos
    oled_i2c_lib.o(.text.oled_blank) refers to oled_i2c_lib.o(.text.oled_send_data) for oled_send_data
    oled_i2c_lib.o(.ARM.exidx.text.oled_blank) refers to oled_i2c_lib.o(.text.oled_blank) for [Anonymous Symbol]
    oled_i2c_lib.o(.text.oled_print) refers to oled_i2c_lib.o(.rodata.ASCII) for ASCII
    oled_i2c_lib.o(.text.oled_print) refers to oled_i2c_lib.o(.text.oled_send_data) for oled_send_data
    oled_i2c_lib.o(.ARM.exidx.text.oled_print) refers to oled_i2c_lib.o(.text.oled_print) for [Anonymous Symbol]
    oled_i2c_lib.o(.text.oled_send_message) refers to oled_i2c_lib.o(.text.oled_pos) for oled_pos
    oled_i2c_lib.o(.text.oled_send_message) refers to oled_i2c_lib.o(.text.oled_print) for oled_print
    oled_i2c_lib.o(.ARM.exidx.text.oled_send_message) refers to oled_i2c_lib.o(.text.oled_send_message) for [Anonymous Symbol]
    spi_lib.o(.text.init_SPI) refers to gpio_lib.o(.text.config_gpio) for config_gpio
    spi_lib.o(.text.init_SPI) refers to gpio_lib.o(.text.write_gpio) for write_gpio
    spi_lib.o(.ARM.exidx.text.init_SPI) refers to spi_lib.o(.text.init_SPI) for [Anonymous Symbol]
    spi_lib.o(.text.spi_transmit) refers to gpio_lib.o(.text.write_gpio) for write_gpio
    spi_lib.o(.ARM.exidx.text.spi_transmit) refers to spi_lib.o(.text.spi_transmit) for [Anonymous Symbol]
    spi_lib.o(.text.spi_send_message) refers to gpio_lib.o(.text.write_gpio) for write_gpio
    spi_lib.o(.ARM.exidx.text.spi_send_message) refers to spi_lib.o(.text.spi_send_message) for [Anonymous Symbol]
    systic_lib.o(.ARM.exidx.text.systic_init) refers to systic_lib.o(.text.systic_init) for [Anonymous Symbol]
    systic_lib.o(.ARM.exidx.text.Sys_delay_microsecond) refers to systic_lib.o(.text.Sys_delay_microsecond) for [Anonymous Symbol]
    systic_lib.o(.ARM.exidx.text.Sys_Delay_Milisecond) refers to systic_lib.o(.text.Sys_Delay_Milisecond) for [Anonymous Symbol]
    systic_lib.o(.text.Delay_Sys_US) refers to systic_lib.o(.text.Sys_delay_microsecond) for Sys_delay_microsecond
    systic_lib.o(.ARM.exidx.text.Delay_Sys_US) refers to systic_lib.o(.text.Delay_Sys_US) for [Anonymous Symbol]
    systic_lib.o(.text.Delay_Sys_MS) refers to systic_lib.o(.text.Sys_Delay_Milisecond) for Sys_Delay_Milisecond
    systic_lib.o(.ARM.exidx.text.Delay_Sys_MS) refers to systic_lib.o(.text.Delay_Sys_MS) for [Anonymous Symbol]
    systic_lib.o(.ARM.exidx.text.Systic_interrupt) refers to systic_lib.o(.text.Systic_interrupt) for [Anonymous Symbol]
    timer_lib.o(.ARM.exidx.text.select_timer) refers to timer_lib.o(.text.select_timer) for [Anonymous Symbol]
    timer_lib.o(.ARM.exidx.text.select_timer_for_capture_PWM) refers to timer_lib.o(.text.select_timer_for_capture_PWM) for [Anonymous Symbol]
    timer_lib.o(.ARM.exidx.text.select_timer_channel) refers to timer_lib.o(.text.select_timer_channel) for [Anonymous Symbol]
    timer_lib.o(.text.start_timer_in_Microsecond) refers to timer_lib.o(.text.select_timer) for select_timer
    timer_lib.o(.ARM.exidx.text.start_timer_in_Microsecond) refers to timer_lib.o(.text.start_timer_in_Microsecond) for [Anonymous Symbol]
    timer_lib.o(.text.start_timer_in_Milisecond) refers to timer_lib.o(.text.select_timer) for select_timer
    timer_lib.o(.ARM.exidx.text.start_timer_in_Milisecond) refers to timer_lib.o(.text.start_timer_in_Milisecond) for [Anonymous Symbol]
    timer_lib.o(.text.delay_microSecond) refers to timer_lib.o(.text.select_timer) for select_timer
    timer_lib.o(.text.delay_microSecond) refers to timer_lib.o(.text.start_timer_in_Microsecond) for start_timer_in_Microsecond
    timer_lib.o(.ARM.exidx.text.delay_microSecond) refers to timer_lib.o(.text.delay_microSecond) for [Anonymous Symbol]
    timer_lib.o(.text.delay_miliSecond) refers to timer_lib.o(.text.select_timer) for select_timer
    timer_lib.o(.text.delay_miliSecond) refers to timer_lib.o(.text.start_timer_in_Milisecond) for start_timer_in_Milisecond
    timer_lib.o(.ARM.exidx.text.delay_miliSecond) refers to timer_lib.o(.text.delay_miliSecond) for [Anonymous Symbol]
    timer_lib.o(.text.timer_irq_microSecond_start) refers to timer_lib.o(.text.select_timer) for select_timer
    timer_lib.o(.text.timer_irq_microSecond_start) refers to timer_lib.o(.text.start_timer_in_Microsecond) for start_timer_in_Microsecond
    timer_lib.o(.ARM.exidx.text.timer_irq_microSecond_start) refers to timer_lib.o(.text.timer_irq_microSecond_start) for [Anonymous Symbol]
    timer_lib.o(.text.timer_irq_milisecond_start) refers to timer_lib.o(.text.select_timer) for select_timer
    timer_lib.o(.text.timer_irq_milisecond_start) refers to timer_lib.o(.text.start_timer_in_Milisecond) for start_timer_in_Milisecond
    timer_lib.o(.ARM.exidx.text.timer_irq_milisecond_start) refers to timer_lib.o(.text.timer_irq_milisecond_start) for [Anonymous Symbol]
    timer_lib.o(.text.stop_timer_irq) refers to timer_lib.o(.text.select_timer) for select_timer
    timer_lib.o(.ARM.exidx.text.stop_timer_irq) refers to timer_lib.o(.text.stop_timer_irq) for [Anonymous Symbol]
    timer_lib.o(.text.stop_timer) refers to timer_lib.o(.text.select_timer) for select_timer
    timer_lib.o(.text.stop_timer) refers to timer_lib.o(.text.stop_timer_irq) for stop_timer_irq
    timer_lib.o(.ARM.exidx.text.stop_timer) refers to timer_lib.o(.text.stop_timer) for [Anonymous Symbol]
    timer_lib.o(.text.timer_compare_MhZ) refers to timer_lib.o(.text.select_timer_for_capture_PWM) for select_timer_for_capture_PWM
    timer_lib.o(.text.timer_compare_MhZ) refers to timer_lib.o(.text.select_timer_channel) for select_timer_channel
    timer_lib.o(.text.timer_compare_MhZ) refers to timer_lib.o(.text.select_timer) for select_timer
    timer_lib.o(.text.timer_compare_MhZ) refers to gpio_lib.o(.text.config_gpio) for config_gpio
    timer_lib.o(.ARM.exidx.text.timer_compare_MhZ) refers to timer_lib.o(.text.timer_compare_MhZ) for [Anonymous Symbol]
    timer_lib.o(.text.timer_compare_khZ) refers to timer_lib.o(.text.select_timer_for_capture_PWM) for select_timer_for_capture_PWM
    timer_lib.o(.text.timer_compare_khZ) refers to timer_lib.o(.text.select_timer_channel) for select_timer_channel
    timer_lib.o(.text.timer_compare_khZ) refers to timer_lib.o(.text.select_timer) for select_timer
    timer_lib.o(.text.timer_compare_khZ) refers to gpio_lib.o(.text.config_gpio) for config_gpio
    timer_lib.o(.ARM.exidx.text.timer_compare_khZ) refers to timer_lib.o(.text.timer_compare_khZ) for [Anonymous Symbol]
    timer_lib.o(.text.timer_PWM_Microsecond) refers to timer_lib.o(.text.select_timer_for_capture_PWM) for select_timer_for_capture_PWM
    timer_lib.o(.text.timer_PWM_Microsecond) refers to timer_lib.o(.text.select_timer_channel) for select_timer_channel
    timer_lib.o(.text.timer_PWM_Microsecond) refers to timer_lib.o(.text.select_timer) for select_timer
    timer_lib.o(.text.timer_PWM_Microsecond) refers to fflt_clz.o(x$fpl$fflt) for __aeabi_i2f
    timer_lib.o(.text.timer_PWM_Microsecond) refers to fdiv.o(x$fpl$fdiv) for __aeabi_fdiv
    timer_lib.o(.text.timer_PWM_Microsecond) refers to fmul.o(x$fpl$fmul) for __aeabi_fmul
    timer_lib.o(.text.timer_PWM_Microsecond) refers to f2d.o(x$fpl$f2d) for __aeabi_f2d
    timer_lib.o(.text.timer_PWM_Microsecond) refers to daddsub_clz.o(x$fpl$dadd) for __aeabi_dadd
    timer_lib.o(.text.timer_PWM_Microsecond) refers to dfix.o(x$fpl$dfix) for __aeabi_d2iz
    timer_lib.o(.text.timer_PWM_Microsecond) refers to gpio_lib.o(.text.config_gpio) for config_gpio
    timer_lib.o(.ARM.exidx.text.timer_PWM_Microsecond) refers to timer_lib.o(.text.timer_PWM_Microsecond) for [Anonymous Symbol]
    timer_lib.o(.text.timer_PWM_Milisecond) refers to timer_lib.o(.text.select_timer_for_capture_PWM) for select_timer_for_capture_PWM
    timer_lib.o(.text.timer_PWM_Milisecond) refers to timer_lib.o(.text.select_timer_channel) for select_timer_channel
    timer_lib.o(.text.timer_PWM_Milisecond) refers to timer_lib.o(.text.select_timer) for select_timer
    timer_lib.o(.text.timer_PWM_Milisecond) refers to fflt_clz.o(x$fpl$fflt) for __aeabi_i2f
    timer_lib.o(.text.timer_PWM_Milisecond) refers to fdiv.o(x$fpl$fdiv) for __aeabi_fdiv
    timer_lib.o(.text.timer_PWM_Milisecond) refers to fmul.o(x$fpl$fmul) for __aeabi_fmul
    timer_lib.o(.text.timer_PWM_Milisecond) refers to f2d.o(x$fpl$f2d) for __aeabi_f2d
    timer_lib.o(.text.timer_PWM_Milisecond) refers to daddsub_clz.o(x$fpl$dadd) for __aeabi_dadd
    timer_lib.o(.text.timer_PWM_Milisecond) refers to dfix.o(x$fpl$dfix) for __aeabi_d2iz
    timer_lib.o(.text.timer_PWM_Milisecond) refers to gpio_lib.o(.text.config_gpio) for config_gpio
    timer_lib.o(.ARM.exidx.text.timer_PWM_Milisecond) refers to timer_lib.o(.text.timer_PWM_Milisecond) for [Anonymous Symbol]
    usart_lib.o(.ARM.exidx.text.select_USART) refers to usart_lib.o(.text.select_USART) for [Anonymous Symbol]
    usart_lib.o(.text.USART_BRR) refers to dflt_clz.o(x$fpl$dfltu) for __aeabi_ui2d
    usart_lib.o(.text.USART_BRR) refers to ddiv.o(x$fpl$ddiv) for __aeabi_ddiv
    usart_lib.o(.text.USART_BRR) refers to daddsub_clz.o(x$fpl$dsub) for __aeabi_dsub
    usart_lib.o(.text.USART_BRR) refers to dmul.o(x$fpl$dmul) for __aeabi_dmul
    usart_lib.o(.text.USART_BRR) refers to dfixu.o(x$fpl$dfixu) for __aeabi_d2uiz
    usart_lib.o(.text.USART_BRR) refers to dcmp.o(x$fpl$fcmp) for __aeabi_dcmple
    usart_lib.o(.ARM.exidx.text.USART_BRR) refers to usart_lib.o(.text.USART_BRR) for [Anonymous Symbol]
    usart_lib.o(.text.init_USART) refers to usart_lib.o(.text.select_USART) for select_USART
    usart_lib.o(.text.init_USART) refers to usart_lib.o(.text.USART_BRR) for USART_BRR
    usart_lib.o(.text.init_USART) refers to gpio_lib.o(.text.config_gpio) for config_gpio
    usart_lib.o(.ARM.exidx.text.init_USART) refers to usart_lib.o(.text.init_USART) for [Anonymous Symbol]
    usart_lib.o(.text.USART_receive) refers to usart_lib.o(.text.select_USART) for select_USART
    usart_lib.o(.ARM.exidx.text.USART_receive) refers to usart_lib.o(.text.USART_receive) for [Anonymous Symbol]
    usart_lib.o(.text.USART_transmit) refers to usart_lib.o(.text.select_USART) for select_USART
    usart_lib.o(.ARM.exidx.text.USART_transmit) refers to usart_lib.o(.text.USART_transmit) for [Anonymous Symbol]
    usart_lib.o(.text.init_usart_receive_interrupt) refers to usart_lib.o(.text.select_USART) for select_USART
    usart_lib.o(.text.init_usart_receive_interrupt) refers to usart_lib.o(.text.init_USART) for init_USART
    usart_lib.o(.ARM.exidx.text.init_usart_receive_interrupt) refers to usart_lib.o(.text.init_usart_receive_interrupt) for [Anonymous Symbol]
    usart_lib.o(.text.init_usart_transmit_interrupt) refers to usart_lib.o(.text.select_USART) for select_USART
    usart_lib.o(.text.init_usart_transmit_interrupt) refers to usart_lib.o(.text.init_USART) for init_USART
    usart_lib.o(.ARM.exidx.text.init_usart_transmit_interrupt) refers to usart_lib.o(.text.init_usart_transmit_interrupt) for [Anonymous Symbol]
    1602_lcd_lib.o(.text.LCD1602_Send_data) refers to gpio_lib.o(.text.write_gpio) for write_gpio
    1602_lcd_lib.o(.text.LCD1602_Send_data) refers to systic_lib.o(.text.Delay_Sys_US) for Delay_Sys_US
    1602_lcd_lib.o(.ARM.exidx.text.LCD1602_Send_data) refers to 1602_lcd_lib.o(.text.LCD1602_Send_data) for [Anonymous Symbol]
    1602_lcd_lib.o(.text.LCD1602_Send_command) refers to gpio_lib.o(.text.write_gpio) for write_gpio
    1602_lcd_lib.o(.text.LCD1602_Send_command) refers to systic_lib.o(.text.Delay_Sys_US) for Delay_Sys_US
    1602_lcd_lib.o(.ARM.exidx.text.LCD1602_Send_command) refers to 1602_lcd_lib.o(.text.LCD1602_Send_command) for [Anonymous Symbol]
    1602_lcd_lib.o(.text.LCD1602_init) refers to gpio_lib.o(.text.config_gpio) for config_gpio
    1602_lcd_lib.o(.text.LCD1602_init) refers to systic_lib.o(.text.Delay_Sys_US) for Delay_Sys_US
    1602_lcd_lib.o(.text.LCD1602_init) refers to 1602_lcd_lib.o(.text.LCD1602_Send_command) for LCD1602_Send_command
    1602_lcd_lib.o(.ARM.exidx.text.LCD1602_init) refers to 1602_lcd_lib.o(.text.LCD1602_init) for [Anonymous Symbol]
    1602_lcd_lib.o(.text.lcd1602_send_string) refers to 1602_lcd_lib.o(.text.LCD1602_Send_data) for LCD1602_Send_data
    1602_lcd_lib.o(.text.lcd1602_send_string) refers to systic_lib.o(.text.Delay_Sys_US) for Delay_Sys_US
    1602_lcd_lib.o(.ARM.exidx.text.lcd1602_send_string) refers to 1602_lcd_lib.o(.text.lcd1602_send_string) for [Anonymous Symbol]
    1602_lcd_lib.o(.text.LCD1602_print) refers to 1602_lcd_lib.o(.text.LCD1602_Send_command) for LCD1602_Send_command
    1602_lcd_lib.o(.text.LCD1602_print) refers to systic_lib.o(.text.Delay_Sys_US) for Delay_Sys_US
    1602_lcd_lib.o(.text.LCD1602_print) refers to 1602_lcd_lib.o(.text.lcd1602_send_string) for lcd1602_send_string
    1602_lcd_lib.o(.ARM.exidx.text.LCD1602_print) refers to 1602_lcd_lib.o(.text.LCD1602_print) for [Anonymous Symbol]
    1602_lcd_lib.o(.text.LCD1602_scroll_from_right) refers to strlen.o(.text) for strlen
    1602_lcd_lib.o(.text.LCD1602_scroll_from_right) refers to 1602_lcd_lib.o(.text.LCD1602_print) for LCD1602_print
    1602_lcd_lib.o(.text.LCD1602_scroll_from_right) refers to systic_lib.o(.text.Delay_Sys_MS) for Delay_Sys_MS
    1602_lcd_lib.o(.ARM.exidx.text.LCD1602_scroll_from_right) refers to 1602_lcd_lib.o(.text.LCD1602_scroll_from_right) for [Anonymous Symbol]
    1602_lcd_lib.o(.text.LCD1602_scroll_from_left) refers to strlen.o(.text) for strlen
    1602_lcd_lib.o(.text.LCD1602_scroll_from_left) refers to 1602_lcd_lib.o(.text.LCD1602_print) for LCD1602_print
    1602_lcd_lib.o(.text.LCD1602_scroll_from_left) refers to systic_lib.o(.text.Delay_Sys_MS) for Delay_Sys_MS
    1602_lcd_lib.o(.ARM.exidx.text.LCD1602_scroll_from_left) refers to 1602_lcd_lib.o(.text.LCD1602_scroll_from_left) for [Anonymous Symbol]
    startup_stm32f10x_md.o(STACK) refers (Special) to heapauxi.o(.text) for __use_two_region_memory
    startup_stm32f10x_md.o(HEAP) refers (Special) to heapauxi.o(.text) for __use_two_region_memory
    startup_stm32f10x_md.o(RESET) refers (Special) to heapauxi.o(.text) for __use_two_region_memory
    startup_stm32f10x_md.o(RESET) refers to startup_stm32f10x_md.o(STACK) for __initial_sp
    startup_stm32f10x_md.o(RESET) refers to startup_stm32f10x_md.o(.text) for Reset_Handler
    startup_stm32f10x_md.o(.text) refers (Special) to heapauxi.o(.text) for __use_two_region_memory
    startup_stm32f10x_md.o(.text) refers to system_stm32f10x.o(.text.SystemInit) for SystemInit
    startup_stm32f10x_md.o(.text) refers to __main.o(!!!main) for __main
    startup_stm32f10x_md.o(.text) refers to startup_stm32f10x_md.o(HEAP) for Heap_Mem
    startup_stm32f10x_md.o(.text) refers to startup_stm32f10x_md.o(STACK) for Stack_Mem
    system_stm32f10x.o(.text.SystemInit) refers to system_stm32f10x.o(.text.SetSysClock) for SetSysClock
    system_stm32f10x.o(.ARM.exidx.text.SystemInit) refers to system_stm32f10x.o(.text.SystemInit) for [Anonymous Symbol]
    system_stm32f10x.o(.text.SetSysClock) refers to system_stm32f10x.o(.text.SetSysClockTo72) for SetSysClockTo72
    system_stm32f10x.o(.ARM.exidx.text.SetSysClock) refers to system_stm32f10x.o(.text.SetSysClock) for [Anonymous Symbol]
    system_stm32f10x.o(.text.SystemCoreClockUpdate) refers to system_stm32f10x.o(.data.SystemCoreClock) for SystemCoreClock
    system_stm32f10x.o(.text.SystemCoreClockUpdate) refers to system_stm32f10x.o(.rodata.AHBPrescTable) for AHBPrescTable
    system_stm32f10x.o(.ARM.exidx.text.SystemCoreClockUpdate) refers to system_stm32f10x.o(.text.SystemCoreClockUpdate) for [Anonymous Symbol]
    system_stm32f10x.o(.ARM.exidx.text.SetSysClockTo72) refers to system_stm32f10x.o(.text.SetSysClockTo72) for [Anonymous Symbol]
    __main.o(!!!main) refers to __rtentry.o(.ARM.Collect$$rtentry$$00000000) for __rt_entry
    daddsub_clz.o(x$fpl$dadd) refers (Special) to usenofp.o(x$fpl$usenofp) for __I$use$fp
    daddsub_clz.o(x$fpl$dadd) refers to daddsub_clz.o(x$fpl$dsub) for _dsub1
    daddsub_clz.o(x$fpl$dadd) refers to dretinf.o(x$fpl$dretinf) for __fpl_dretinf
    daddsub_clz.o(x$fpl$dadd) refers to dnaninf.o(x$fpl$dnaninf) for __fpl_dnaninf
    daddsub_clz.o(x$fpl$drsb) refers (Special) to usenofp.o(x$fpl$usenofp) for __I$use$fp
    daddsub_clz.o(x$fpl$drsb) refers to daddsub_clz.o(x$fpl$dadd) for _dadd1
    daddsub_clz.o(x$fpl$drsb) refers to daddsub_clz.o(x$fpl$dsub) for _dsub1
    daddsub_clz.o(x$fpl$dsub) refers (Special) to usenofp.o(x$fpl$usenofp) for __I$use$fp
    daddsub_clz.o(x$fpl$dsub) refers to daddsub_clz.o(x$fpl$dadd) for _dadd1
    daddsub_clz.o(x$fpl$dsub) refers to dnaninf.o(x$fpl$dnaninf) for __fpl_dnaninf
    dcmp.o(x$fpl$fcmp) refers (Special) to usenofp.o(x$fpl$usenofp) for __I$use$fp
    dcmp.o(x$fpl$fcmp) refers to deqf.o(x$fpl$deqf) for _dcmpeq
    dcmp.o(x$fpl$fcmp) refers to dgeqf.o(x$fpl$dgeqf) for _dcmpge
    dcmp.o(x$fpl$fcmp) refers to dleqf.o(x$fpl$dleqf) for _dcmple
    ddiv.o(x$fpl$drdiv) refers (Special) to usenofp.o(x$fpl$usenofp) for __I$use$fp
    ddiv.o(x$fpl$drdiv) refers to ddiv.o(x$fpl$ddiv) for ddiv_entry
    ddiv.o(x$fpl$ddiv) refers (Special) to usenofp.o(x$fpl$usenofp) for __I$use$fp
    ddiv.o(x$fpl$ddiv) refers to dretinf.o(x$fpl$dretinf) for __fpl_dretinf
    ddiv.o(x$fpl$ddiv) refers to dnaninf.o(x$fpl$dnaninf) for __fpl_dnaninf
    dfix.o(x$fpl$dfix) refers (Special) to usenofp.o(x$fpl$usenofp) for __I$use$fp
    dfix.o(x$fpl$dfix) refers to dnaninf.o(x$fpl$dnaninf) for __fpl_dnaninf
    dfix.o(x$fpl$dfixr) refers (Special) to usenofp.o(x$fpl$usenofp) for __I$use$fp
    dfix.o(x$fpl$dfixr) refers to dnaninf.o(x$fpl$dnaninf) for __fpl_dnaninf
    dfixu.o(x$fpl$dfixu) refers (Special) to usenofp.o(x$fpl$usenofp) for __I$use$fp
    dfixu.o(x$fpl$dfixu) refers to dnaninf.o(x$fpl$dnaninf) for __fpl_dnaninf
    dfixu.o(x$fpl$dfixur) refers (Special) to usenofp.o(x$fpl$usenofp) for __I$use$fp
    dfixu.o(x$fpl$dfixur) refers to dnaninf.o(x$fpl$dnaninf) for __fpl_dnaninf
    dflt_clz.o(x$fpl$dfltu) refers (Special) to usenofp.o(x$fpl$usenofp) for __I$use$fp
    dflt_clz.o(x$fpl$dflt) refers (Special) to usenofp.o(x$fpl$usenofp) for __I$use$fp
    dflt_clz.o(x$fpl$dfltn) refers (Special) to usenofp.o(x$fpl$usenofp) for __I$use$fp
    dmul.o(x$fpl$dmul) refers (Special) to usenofp.o(x$fpl$usenofp) for __I$use$fp
    dmul.o(x$fpl$dmul) refers to dretinf.o(x$fpl$dretinf) for __fpl_dretinf
    dmul.o(x$fpl$dmul) refers to dnaninf.o(x$fpl$dnaninf) for __fpl_dnaninf
    f2d.o(x$fpl$f2d) refers (Special) to usenofp.o(x$fpl$usenofp) for __I$use$fp
    f2d.o(x$fpl$f2d) refers to fnaninf.o(x$fpl$fnaninf) for __fpl_fnaninf
    f2d.o(x$fpl$f2d) refers to dretinf.o(x$fpl$dretinf) for __fpl_dretinf
    fdiv.o(x$fpl$frdiv) refers (Special) to usenofp.o(x$fpl$usenofp) for __I$use$fp
    fdiv.o(x$fpl$frdiv) refers to fdiv.o(x$fpl$fdiv) for _fdiv1
    fdiv.o(x$fpl$fdiv) refers (Special) to usenofp.o(x$fpl$usenofp) for __I$use$fp
    fdiv.o(x$fpl$fdiv) refers to fretinf.o(x$fpl$fretinf) for __fpl_fretinf
    fdiv.o(x$fpl$fdiv) refers to fnaninf.o(x$fpl$fnaninf) for __fpl_fnaninf
    fflt_clz.o(x$fpl$ffltu) refers (Special) to usenofp.o(x$fpl$usenofp) for __I$use$fp
    fflt_clz.o(x$fpl$fflt) refers (Special) to usenofp.o(x$fpl$usenofp) for __I$use$fp
    fflt_clz.o(x$fpl$ffltn) refers (Special) to usenofp.o(x$fpl$usenofp) for __I$use$fp
    fmul.o(x$fpl$fmul) refers (Special) to usenofp.o(x$fpl$usenofp) for __I$use$fp
    fmul.o(x$fpl$fmul) refers to fretinf.o(x$fpl$fretinf) for __fpl_fretinf
    fmul.o(x$fpl$fmul) refers to fnaninf.o(x$fpl$fnaninf) for __fpl_fnaninf
    __rtentry.o(.ARM.Collect$$rtentry$$00000000) refers (Special) to __rtentry2.o(.ARM.Collect$$rtentry$$0000000A) for __rt_entry_li
    __rtentry.o(.ARM.Collect$$rtentry$$00000000) refers (Special) to __rtentry2.o(.ARM.Collect$$rtentry$$0000000D) for __rt_entry_main
    __rtentry.o(.ARM.Collect$$rtentry$$00000000) refers (Special) to __rtentry2.o(.ARM.Collect$$rtentry$$0000000C) for __rt_entry_postli_1
    __rtentry.o(.ARM.Collect$$rtentry$$00000000) refers (Special) to __rtentry2.o(.ARM.Collect$$rtentry$$00000009) for __rt_entry_postsh_1
    __rtentry.o(.ARM.Collect$$rtentry$$00000000) refers (Special) to __rtentry2.o(.ARM.Collect$$rtentry$$00000002) for __rt_entry_presh_1
    __rtentry.o(.ARM.Collect$$rtentry$$00000000) refers (Special) to __rtentry4.o(.ARM.Collect$$rtentry$$00000004) for __rt_entry_sh
    deqf.o(x$fpl$deqf) refers (Special) to usenofp.o(x$fpl$usenofp) for __I$use$fp
    deqf.o(x$fpl$deqf) refers to dnaninf.o(x$fpl$dnaninf) for __fpl_dnaninf
    deqf.o(x$fpl$deqf) refers to dcmpi.o(x$fpl$dcmpinf) for __fpl_dcmp_Inf
    dgeqf.o(x$fpl$dgeqf) refers (Special) to usenofp.o(x$fpl$usenofp) for __I$use$fp
    dgeqf.o(x$fpl$dgeqf) refers to dnaninf.o(x$fpl$dnaninf) for __fpl_dnaninf
    dgeqf.o(x$fpl$dgeqf) refers to dcmpi.o(x$fpl$dcmpinf) for __fpl_dcmp_Inf
    dleqf.o(x$fpl$dleqf) refers (Special) to usenofp.o(x$fpl$usenofp) for __I$use$fp
    dleqf.o(x$fpl$dleqf) refers to dnaninf.o(x$fpl$dnaninf) for __fpl_dnaninf
    dleqf.o(x$fpl$dleqf) refers to dcmpi.o(x$fpl$dcmpinf) for __fpl_dcmp_Inf
    dnaninf.o(x$fpl$dnaninf) refers (Special) to usenofp.o(x$fpl$usenofp) for __I$use$fp
    dretinf.o(x$fpl$dretinf) refers (Special) to usenofp.o(x$fpl$usenofp) for __I$use$fp
    fnaninf.o(x$fpl$fnaninf) refers (Special) to usenofp.o(x$fpl$usenofp) for __I$use$fp
    fretinf.o(x$fpl$fretinf) refers (Special) to usenofp.o(x$fpl$usenofp) for __I$use$fp
    __rtentry2.o(.ARM.Collect$$rtentry$$00000008) refers to boardinit2.o(.text) for _platform_post_stackheap_init
    __rtentry2.o(.ARM.Collect$$rtentry$$0000000A) refers to libinit.o(.ARM.Collect$$libinit$$00000000) for __rt_lib_init
    __rtentry2.o(.ARM.Collect$$rtentry$$0000000B) refers to boardinit3.o(.text) for _platform_post_lib_init
    __rtentry2.o(.ARM.Collect$$rtentry$$0000000D) refers to main.o(.text.main) for main
    __rtentry2.o(.ARM.Collect$$rtentry$$0000000D) refers to exit.o(.text) for exit
    __rtentry2.o(.ARM.exidx) refers to __rtentry2.o(.ARM.Collect$$rtentry$$00000001) for .ARM.Collect$$rtentry$$00000001
    __rtentry2.o(.ARM.exidx) refers to __rtentry2.o(.ARM.Collect$$rtentry$$00000008) for .ARM.Collect$$rtentry$$00000008
    __rtentry2.o(.ARM.exidx) refers to __rtentry2.o(.ARM.Collect$$rtentry$$0000000A) for .ARM.Collect$$rtentry$$0000000A
    __rtentry2.o(.ARM.exidx) refers to __rtentry2.o(.ARM.Collect$$rtentry$$0000000B) for .ARM.Collect$$rtentry$$0000000B
    __rtentry2.o(.ARM.exidx) refers to __rtentry2.o(.ARM.Collect$$rtentry$$0000000D) for .ARM.Collect$$rtentry$$0000000D
    __rtentry4.o(.ARM.Collect$$rtentry$$00000004) refers to sys_stackheap_outer.o(.text) for __user_setup_stackheap
    __rtentry4.o(.ARM.exidx) refers to __rtentry4.o(.ARM.Collect$$rtentry$$00000004) for .ARM.Collect$$rtentry$$00000004
    dcmpi.o(x$fpl$dcmpinf) refers (Special) to usenofp.o(x$fpl$usenofp) for __I$use$fp
    sys_stackheap_outer.o(.text) refers to libspace.o(.text) for __user_perproc_libspace
    sys_stackheap_outer.o(.text) refers to startup_stm32f10x_md.o(.text) for __user_initial_stackheap
    exit.o(.text) refers to rtexit.o(.ARM.Collect$$rtexit$$00000000) for __rt_exit
    libinit.o(.ARM.Collect$$libinit$$00000000) refers (Special) to libinit2.o(.ARM.Collect$$libinit$$00000030) for __rt_lib_init_alloca_1
    libinit.o(.ARM.Collect$$libinit$$00000000) refers (Special) to libinit2.o(.ARM.Collect$$libinit$$0000002E) for __rt_lib_init_argv_1
    libinit.o(.ARM.Collect$$libinit$$00000000) refers (Special) to libinit2.o(.ARM.Collect$$libinit$$0000001D) for __rt_lib_init_atexit_1
    libinit.o(.ARM.Collect$$libinit$$00000000) refers (Special) to libinit2.o(.ARM.Collect$$libinit$$00000023) for __rt_lib_init_clock_1
    libinit.o(.ARM.Collect$$libinit$$00000000) refers (Special) to libinit2.o(.ARM.Collect$$libinit$$00000034) for __rt_lib_init_cpp_1
    libinit.o(.ARM.Collect$$libinit$$00000000) refers (Special) to libinit2.o(.ARM.Collect$$libinit$$00000032) for __rt_lib_init_exceptions_1
    libinit.o(.ARM.Collect$$libinit$$00000000) refers (Special) to libinit2.o(.ARM.Collect$$libinit$$00000002) for __rt_lib_init_fp_1
    libinit.o(.ARM.Collect$$libinit$$00000000) refers (Special) to libinit2.o(.ARM.Collect$$libinit$$00000021) for __rt_lib_init_fp_trap_1
    libinit.o(.ARM.Collect$$libinit$$00000000) refers (Special) to libinit2.o(.ARM.Collect$$libinit$$00000025) for __rt_lib_init_getenv_1
    libinit.o(.ARM.Collect$$libinit$$00000000) refers (Special) to libinit2.o(.ARM.Collect$$libinit$$0000000C) for __rt_lib_init_heap_1
    libinit.o(.ARM.Collect$$libinit$$00000000) refers (Special) to libinit2.o(.ARM.Collect$$libinit$$00000013) for __rt_lib_init_lc_collate_1
    libinit.o(.ARM.Collect$$libinit$$00000000) refers (Special) to libinit2.o(.ARM.Collect$$libinit$$00000015) for __rt_lib_init_lc_ctype_1
    libinit.o(.ARM.Collect$$libinit$$00000000) refers (Special) to libinit2.o(.ARM.Collect$$libinit$$00000017) for __rt_lib_init_lc_monetary_1
    libinit.o(.ARM.Collect$$libinit$$00000000) refers (Special) to libinit2.o(.ARM.Collect$$libinit$$00000019) for __rt_lib_init_lc_numeric_1
    libinit.o(.ARM.Collect$$libinit$$00000000) refers (Special) to libinit2.o(.ARM.Collect$$libinit$$0000001B) for __rt_lib_init_lc_time_1
    libinit.o(.ARM.Collect$$libinit$$00000000) refers (Special) to libinit2.o(.ARM.Collect$$libinit$$00000006) for __rt_lib_init_preinit_1
    libinit.o(.ARM.Collect$$libinit$$00000000) refers (Special) to libinit2.o(.ARM.Collect$$libinit$$00000010) for __rt_lib_init_rand_1
    libinit.o(.ARM.Collect$$libinit$$00000000) refers (Special) to libinit2.o(.ARM.Collect$$libinit$$00000004) for __rt_lib_init_relocate_pie_1
    libinit.o(.ARM.Collect$$libinit$$00000000) refers (Special) to libinit2.o(.ARM.Collect$$libinit$$00000035) for __rt_lib_init_return
    libinit.o(.ARM.Collect$$libinit$$00000000) refers (Special) to libinit2.o(.ARM.Collect$$libinit$$0000001F) for __rt_lib_init_signal_1
    libinit.o(.ARM.Collect$$libinit$$00000000) refers (Special) to libinit2.o(.ARM.Collect$$libinit$$00000027) for __rt_lib_init_stdio_1
    libinit.o(.ARM.Collect$$libinit$$00000000) refers (Special) to libinit2.o(.ARM.Collect$$libinit$$0000000E) for __rt_lib_init_user_alloc_1
    libspace.o(.text) refers to libspace.o(.bss) for __libspace_start
    rtexit.o(.ARM.Collect$$rtexit$$00000000) refers (Special) to rtexit2.o(.ARM.Collect$$rtexit$$00000004) for __rt_exit_exit
    rtexit.o(.ARM.Collect$$rtexit$$00000000) refers (Special) to rtexit2.o(.ARM.Collect$$rtexit$$00000003) for __rt_exit_ls
    rtexit.o(.ARM.Collect$$rtexit$$00000000) refers (Special) to rtexit2.o(.ARM.Collect$$rtexit$$00000002) for __rt_exit_prels_1
    rtexit.o(.ARM.exidx) refers (Special) to rtexit2.o(.ARM.Collect$$rtexit$$00000004) for __rt_exit_exit
    rtexit.o(.ARM.exidx) refers (Special) to rtexit2.o(.ARM.Collect$$rtexit$$00000003) for __rt_exit_ls
    rtexit.o(.ARM.exidx) refers (Special) to rtexit2.o(.ARM.Collect$$rtexit$$00000002) for __rt_exit_prels_1
    rtexit.o(.ARM.exidx) refers to rtexit.o(.ARM.Collect$$rtexit$$00000000) for .ARM.Collect$$rtexit$$00000000
    libinit2.o(.ARM.Collect$$libinit$$00000012) refers to libinit2.o(.ARM.Collect$$libinit$$00000011) for .ARM.Collect$$libinit$$00000011
    libinit2.o(.ARM.Collect$$libinit$$00000014) refers to libinit2.o(.ARM.Collect$$libinit$$00000011) for .ARM.Collect$$libinit$$00000011
    libinit2.o(.ARM.Collect$$libinit$$00000016) refers to libinit2.o(.ARM.Collect$$libinit$$00000011) for .ARM.Collect$$libinit$$00000011
    libinit2.o(.ARM.Collect$$libinit$$00000018) refers to libinit2.o(.ARM.Collect$$libinit$$00000011) for .ARM.Collect$$libinit$$00000011
    libinit2.o(.ARM.Collect$$libinit$$0000001A) refers to libinit2.o(.ARM.Collect$$libinit$$00000011) for .ARM.Collect$$libinit$$00000011
    libinit2.o(.ARM.Collect$$libinit$$00000028) refers to argv_veneer.o(.emb_text) for __ARM_argv_veneer
    libinit2.o(.ARM.Collect$$libinit$$00000029) refers to argv_veneer.o(.emb_text) for __ARM_argv_veneer
    rtexit2.o(.ARM.Collect$$rtexit$$00000003) refers to libshutdown.o(.ARM.Collect$$libshutdown$$00000000) for __rt_lib_shutdown
    rtexit2.o(.ARM.Collect$$rtexit$$00000004) refers to sys_exit.o(.text) for _sys_exit
    rtexit2.o(.ARM.exidx) refers to rtexit2.o(.ARM.Collect$$rtexit$$00000001) for .ARM.Collect$$rtexit$$00000001
    rtexit2.o(.ARM.exidx) refers to rtexit2.o(.ARM.Collect$$rtexit$$00000003) for .ARM.Collect$$rtexit$$00000003
    rtexit2.o(.ARM.exidx) refers to rtexit2.o(.ARM.Collect$$rtexit$$00000004) for .ARM.Collect$$rtexit$$00000004
    argv_veneer.o(.emb_text) refers to no_argv.o(.text) for __ARM_get_argv
    sys_exit.o(.text) refers (Special) to use_no_semi.o(.text) for __I$use$semihosting
    sys_exit.o(.text) refers (Special) to indicate_semi.o(.text) for __semihosting_library_function
    sys_exit_hlt.o(.text) refers (Special) to use_no_semi.o(.text) for __I$use$semihosting
    sys_exit_hlt.o(.text) refers (Special) to indicate_semi.o(.text) for __semihosting_library_function
    _get_argv_nomalloc.o(.text) refers (Special) to hrguard.o(.text) for __heap_region$guard
    _get_argv_nomalloc.o(.text) refers to defsig_rtmem_outer.o(.text) for __rt_SIGRTMEM
    _get_argv_nomalloc.o(.text) refers to sys_command.o(.text) for _sys_command_string
    libshutdown.o(.ARM.Collect$$libshutdown$$00000000) refers (Special) to libshutdown2.o(.ARM.Collect$$libshutdown$$00000002) for __rt_lib_shutdown_cpp_1
    libshutdown.o(.ARM.Collect$$libshutdown$$00000000) refers (Special) to libshutdown2.o(.ARM.Collect$$libshutdown$$00000007) for __rt_lib_shutdown_fp_trap_1
    libshutdown.o(.ARM.Collect$$libshutdown$$00000000) refers (Special) to libshutdown2.o(.ARM.Collect$$libshutdown$$0000000F) for __rt_lib_shutdown_heap_1
    libshutdown.o(.ARM.Collect$$libshutdown$$00000000) refers (Special) to libshutdown2.o(.ARM.Collect$$libshutdown$$00000010) for __rt_lib_shutdown_return
    libshutdown.o(.ARM.Collect$$libshutdown$$00000000) refers (Special) to libshutdown2.o(.ARM.Collect$$libshutdown$$0000000A) for __rt_lib_shutdown_signal_1
    libshutdown.o(.ARM.Collect$$libshutdown$$00000000) refers (Special) to libshutdown2.o(.ARM.Collect$$libshutdown$$00000004) for __rt_lib_shutdown_stdio_1
    libshutdown.o(.ARM.Collect$$libshutdown$$00000000) refers (Special) to libshutdown2.o(.ARM.Collect$$libshutdown$$0000000C) for __rt_lib_shutdown_user_alloc_1
    sys_command.o(.text) refers (Special) to use_no_semi.o(.text) for __I$use$semihosting
    sys_command.o(.text) refers (Special) to indicate_semi.o(.text) for __semihosting_library_function
    sys_command_hlt.o(.text) refers (Special) to use_no_semi.o(.text) for __I$use$semihosting
    sys_command_hlt.o(.text) refers (Special) to indicate_semi.o(.text) for __semihosting_library_function
    defsig_rtmem_outer.o(.text) refers to defsig_rtmem_inner.o(.text) for __rt_SIGRTMEM_inner
    defsig_rtmem_outer.o(.text) refers to defsig_exit.o(.text) for __sig_exit
    defsig_rtmem_formal.o(.text) refers to rt_raise.o(.text) for __rt_raise
    rt_raise.o(.text) refers to __raise.o(.text) for __raise
    rt_raise.o(.text) refers to sys_exit.o(.text) for _sys_exit
    defsig_exit.o(.text) refers to sys_exit.o(.text) for _sys_exit
    defsig_rtmem_inner.o(.text) refers to defsig_general.o(.text) for __default_signal_display
    __raise.o(.text) refers to defsig.o(CL$$defsig) for __default_signal_handler
    defsig_general.o(.text) refers to sys_wrch.o(.text) for _ttywrch
    sys_wrch.o(.text) refers (Special) to use_no_semi.o(.text) for __I$use$semihosting
    sys_wrch.o(.text) refers (Special) to indicate_semi.o(.text) for __semihosting_library_function
    sys_wrch_hlt.o(.text) refers (Special) to use_no_semi.o(.text) for __I$use$semihosting
    sys_wrch_hlt.o(.text) refers (Special) to indicate_semi.o(.text) for __semihosting_library_function
    defsig.o(CL$$defsig) refers to defsig_rtmem_inner.o(.text) for __rt_SIGRTMEM_inner
    defsig_abrt_inner.o(.text) refers to defsig_general.o(.text) for __default_signal_display
    defsig_fpe_inner.o(.text) refers to defsig_general.o(.text) for __default_signal_display
    defsig_rtred_inner.o(.text) refers to defsig_general.o(.text) for __default_signal_display
    defsig_stak_inner.o(.text) refers to defsig_general.o(.text) for __default_signal_display
    defsig_pvfn_inner.o(.text) refers to defsig_general.o(.text) for __default_signal_display
    defsig_cppl_inner.o(.text) refers to defsig_general.o(.text) for __default_signal_display
    defsig_segv_inner.o(.text) refers to defsig_general.o(.text) for __default_signal_display
    defsig_other.o(.text) refers to defsig_general.o(.text) for __default_signal_display


==============================================================================

Removing Unused input sections from the image.

    Removing exti_lib.o(.text), (0 bytes).
    Removing exti_lib.o(.text.configure_gpio_interrupt), (484 bytes).
    Removing exti_lib.o(.ARM.exidx.text.configure_gpio_interrupt), (8 bytes).
    Removing gpio_lib.o(.text), (0 bytes).
    Removing gpio_lib.o(.ARM.exidx.text.config_gpio), (8 bytes).
    Removing gpio_lib.o(.ARM.exidx.text.write_gpio), (8 bytes).
    Removing gpio_lib.o(.text.read_gpio), (160 bytes).
    Removing gpio_lib.o(.ARM.exidx.text.read_gpio), (8 bytes).
    Removing gpio_lib.o(.text.toggle_gpio), (48 bytes).
    Removing gpio_lib.o(.ARM.exidx.text.toggle_gpio), (8 bytes).
    Removing i2c_lib.o(.text), (0 bytes).
    Removing i2c_lib.o(.text.select_I2C), (64 bytes).
    Removing i2c_lib.o(.ARM.exidx.text.select_I2C), (8 bytes).
    Removing i2c_lib.o(.text.i2c_init), (206 bytes).
    Removing i2c_lib.o(.ARM.exidx.text.i2c_init), (8 bytes).
    Removing i2c_lib.o(.text.i2c_start), (108 bytes).
    Removing i2c_lib.o(.ARM.exidx.text.i2c_start), (8 bytes).
    Removing i2c_lib.o(.text.i2c_send_address), (98 bytes).
    Removing i2c_lib.o(.ARM.exidx.text.i2c_send_address), (8 bytes).
    Removing i2c_lib.o(.text.i2c_send_data), (156 bytes).
    Removing i2c_lib.o(.ARM.exidx.text.i2c_send_data), (8 bytes).
    Removing i2c_lib.o(.text.i2c_stop), (108 bytes).
    Removing i2c_lib.o(.ARM.exidx.text.i2c_stop), (8 bytes).
    Removing i2c_lib.o(.text.i2c_write), (86 bytes).
    Removing i2c_lib.o(.ARM.exidx.text.i2c_write), (8 bytes).
    Removing main.o(.text), (0 bytes).
    Removing main.o(.ARM.exidx.text.main), (8 bytes).
    Removing main.o(.ARM.use_no_argv), (4 bytes).
    Removing oled_i2c_lib.o(.text), (0 bytes).
    Removing oled_i2c_lib.o(.text.comand_1byte), (68 bytes).
    Removing oled_i2c_lib.o(.ARM.exidx.text.comand_1byte), (8 bytes).
    Removing oled_i2c_lib.o(.text.comand_2byte), (96 bytes).
    Removing oled_i2c_lib.o(.ARM.exidx.text.comand_2byte), (8 bytes).
    Removing oled_i2c_lib.o(.text.oled_configure), (222 bytes).
    Removing oled_i2c_lib.o(.ARM.exidx.text.oled_configure), (8 bytes).
    Removing oled_i2c_lib.o(.text.oled_configure_64), (22 bytes).
    Removing oled_i2c_lib.o(.ARM.exidx.text.oled_configure_64), (8 bytes).
    Removing oled_i2c_lib.o(.text.oled_configure_32), (22 bytes).
    Removing oled_i2c_lib.o(.ARM.exidx.text.oled_configure_32), (8 bytes).
    Removing oled_i2c_lib.o(.text.oled_send_data), (66 bytes).
    Removing oled_i2c_lib.o(.ARM.exidx.text.oled_send_data), (8 bytes).
    Removing oled_i2c_lib.o(.text.oled_pos), (68 bytes).
    Removing oled_i2c_lib.o(.ARM.exidx.text.oled_pos), (8 bytes).
    Removing oled_i2c_lib.o(.text.oled_blank), (96 bytes).
    Removing oled_i2c_lib.o(.ARM.exidx.text.oled_blank), (8 bytes).
    Removing oled_i2c_lib.o(.text.oled_print), (98 bytes).
    Removing oled_i2c_lib.o(.ARM.exidx.text.oled_print), (8 bytes).
    Removing oled_i2c_lib.o(.text.oled_send_message), (48 bytes).
    Removing oled_i2c_lib.o(.ARM.exidx.text.oled_send_message), (8 bytes).
    Removing oled_i2c_lib.o(.rodata..L__const.oled_configure.multiplex_cmd), (2 bytes).
    Removing oled_i2c_lib.o(.rodata.str1.1), (2 bytes).
    Removing oled_i2c_lib.o(.rodata..L__const.oled_configure.contrast_cmd), (2 bytes).
    Removing oled_i2c_lib.o(.rodata..L__const.oled_configure.display_clock_cmd), (2 bytes).
    Removing oled_i2c_lib.o(.rodata..L__const.oled_configure.precharge_cmd), (2 bytes).
    Removing oled_i2c_lib.o(.rodata..L__const.oled_configure.addressing_mode_cmd), (2 bytes).
    Removing oled_i2c_lib.o(.rodata.ASCII), (480 bytes).
    Removing spi_lib.o(.text), (0 bytes).
    Removing spi_lib.o(.text.init_SPI), (466 bytes).
    Removing spi_lib.o(.ARM.exidx.text.init_SPI), (8 bytes).
    Removing spi_lib.o(.text.spi_transmit), (158 bytes).
    Removing spi_lib.o(.ARM.exidx.text.spi_transmit), (8 bytes).
    Removing spi_lib.o(.text.spi_send_message), (204 bytes).
    Removing spi_lib.o(.ARM.exidx.text.spi_send_message), (8 bytes).
    Removing systic_lib.o(.text), (0 bytes).
    Removing systic_lib.o(.ARM.exidx.text.systic_init), (8 bytes).
    Removing systic_lib.o(.ARM.exidx.text.Sys_delay_microsecond), (8 bytes).
    Removing systic_lib.o(.ARM.exidx.text.Sys_Delay_Milisecond), (8 bytes).
    Removing systic_lib.o(.ARM.exidx.text.Delay_Sys_US), (8 bytes).
    Removing systic_lib.o(.ARM.exidx.text.Delay_Sys_MS), (8 bytes).
    Removing systic_lib.o(.text.Systic_interrupt), (54 bytes).
    Removing systic_lib.o(.ARM.exidx.text.Systic_interrupt), (8 bytes).
    Removing timer_lib.o(.text), (0 bytes).
    Removing timer_lib.o(.text.select_timer), (86 bytes).
    Removing timer_lib.o(.ARM.exidx.text.select_timer), (8 bytes).
    Removing timer_lib.o(.text.select_timer_for_capture_PWM), (258 bytes).
    Removing timer_lib.o(.ARM.exidx.text.select_timer_for_capture_PWM), (8 bytes).
    Removing timer_lib.o(.text.select_timer_channel), (248 bytes).
    Removing timer_lib.o(.ARM.exidx.text.select_timer_channel), (8 bytes).
    Removing timer_lib.o(.text.start_timer_in_Microsecond), (122 bytes).
    Removing timer_lib.o(.ARM.exidx.text.start_timer_in_Microsecond), (8 bytes).
    Removing timer_lib.o(.text.start_timer_in_Milisecond), (130 bytes).
    Removing timer_lib.o(.ARM.exidx.text.start_timer_in_Milisecond), (8 bytes).
    Removing timer_lib.o(.text.delay_microSecond), (62 bytes).
    Removing timer_lib.o(.ARM.exidx.text.delay_microSecond), (8 bytes).
    Removing timer_lib.o(.text.delay_miliSecond), (62 bytes).
    Removing timer_lib.o(.ARM.exidx.text.delay_miliSecond), (8 bytes).
    Removing timer_lib.o(.text.timer_irq_microSecond_start), (148 bytes).
    Removing timer_lib.o(.ARM.exidx.text.timer_irq_microSecond_start), (8 bytes).
    Removing timer_lib.o(.text.timer_irq_milisecond_start), (148 bytes).
    Removing timer_lib.o(.ARM.exidx.text.timer_irq_milisecond_start), (8 bytes).
    Removing timer_lib.o(.text.stop_timer_irq), (132 bytes).
    Removing timer_lib.o(.ARM.exidx.text.stop_timer_irq), (8 bytes).
    Removing timer_lib.o(.text.stop_timer), (96 bytes).
    Removing timer_lib.o(.ARM.exidx.text.stop_timer), (8 bytes).
    Removing timer_lib.o(.text.timer_compare_MhZ), (330 bytes).
    Removing timer_lib.o(.ARM.exidx.text.timer_compare_MhZ), (8 bytes).
    Removing timer_lib.o(.text.timer_compare_khZ), (350 bytes).
    Removing timer_lib.o(.ARM.exidx.text.timer_compare_khZ), (8 bytes).
    Removing timer_lib.o(.text.timer_PWM_Microsecond), (400 bytes).
    Removing timer_lib.o(.ARM.exidx.text.timer_PWM_Microsecond), (8 bytes).
    Removing timer_lib.o(.text.timer_PWM_Milisecond), (418 bytes).
    Removing timer_lib.o(.ARM.exidx.text.timer_PWM_Milisecond), (8 bytes).
    Removing usart_lib.o(.text), (0 bytes).
    Removing usart_lib.o(.text.select_USART), (84 bytes).
    Removing usart_lib.o(.ARM.exidx.text.select_USART), (8 bytes).
    Removing usart_lib.o(.text.USART_BRR), (280 bytes).
    Removing usart_lib.o(.ARM.exidx.text.USART_BRR), (8 bytes).
    Removing usart_lib.o(.text.init_USART), (244 bytes).
    Removing usart_lib.o(.ARM.exidx.text.init_USART), (8 bytes).
    Removing usart_lib.o(.text.USART_receive), (50 bytes).
    Removing usart_lib.o(.ARM.exidx.text.USART_receive), (8 bytes).
    Removing usart_lib.o(.text.USART_transmit), (50 bytes).
    Removing usart_lib.o(.ARM.exidx.text.USART_transmit), (8 bytes).
    Removing usart_lib.o(.text.init_usart_receive_interrupt), (136 bytes).
    Removing usart_lib.o(.ARM.exidx.text.init_usart_receive_interrupt), (8 bytes).
    Removing usart_lib.o(.text.init_usart_transmit_interrupt), (136 bytes).
    Removing usart_lib.o(.ARM.exidx.text.init_usart_transmit_interrupt), (8 bytes).
    Removing 1602_lcd_lib.o(.text), (0 bytes).
    Removing 1602_lcd_lib.o(.ARM.exidx.text.LCD1602_Send_data), (8 bytes).
    Removing 1602_lcd_lib.o(.ARM.exidx.text.LCD1602_Send_command), (8 bytes).
    Removing 1602_lcd_lib.o(.ARM.exidx.text.LCD1602_init), (8 bytes).
    Removing 1602_lcd_lib.o(.ARM.exidx.text.lcd1602_send_string), (8 bytes).
    Removing 1602_lcd_lib.o(.ARM.exidx.text.LCD1602_print), (8 bytes).
    Removing 1602_lcd_lib.o(.ARM.exidx.text.LCD1602_scroll_from_right), (8 bytes).
    Removing 1602_lcd_lib.o(.ARM.exidx.text.LCD1602_scroll_from_left), (8 bytes).
    Removing system_stm32f10x.o(.text), (0 bytes).
    Removing system_stm32f10x.o(.ARM.exidx.text.SystemInit), (8 bytes).
    Removing system_stm32f10x.o(.ARM.exidx.text.SetSysClock), (8 bytes).
    Removing system_stm32f10x.o(.text.SystemCoreClockUpdate), (290 bytes).
    Removing system_stm32f10x.o(.ARM.exidx.text.SystemCoreClockUpdate), (8 bytes).
    Removing system_stm32f10x.o(.ARM.exidx.text.SetSysClockTo72), (8 bytes).
    Removing system_stm32f10x.o(.data.SystemCoreClock), (4 bytes).
    Removing system_stm32f10x.o(.rodata.AHBPrescTable), (16 bytes).

133 unused section(s) (total 8502 bytes) removed from the image.

==============================================================================

Image Symbol Table

    Local Symbols

    Symbol Name                              Value     Ov Type        Size  Object(Section)

    ../clib/angel/boardlib.s                 0x00000000   Number         0  boardinit1.o ABSOLUTE
    ../clib/angel/boardlib.s                 0x00000000   Number         0  boardinit2.o ABSOLUTE
    ../clib/angel/boardlib.s                 0x00000000   Number         0  boardinit3.o ABSOLUTE
    ../clib/angel/boardlib.s                 0x00000000   Number         0  boardshut.o ABSOLUTE
    ../clib/angel/handlers.s                 0x00000000   Number         0  __scatter_zi.o ABSOLUTE
    ../clib/angel/kernel.s                   0x00000000   Number         0  __rtentry.o ABSOLUTE
    ../clib/angel/kernel.s                   0x00000000   Number         0  __rtentry2.o ABSOLUTE
    ../clib/angel/kernel.s                   0x00000000   Number         0  __rtentry4.o ABSOLUTE
    ../clib/angel/kernel.s                   0x00000000   Number         0  rtexit.o ABSOLUTE
    ../clib/angel/kernel.s                   0x00000000   Number         0  rtexit2.o ABSOLUTE
    ../clib/angel/rt.s                       0x00000000   Number         0  rt_raise.o ABSOLUTE
    ../clib/angel/scatter.s                  0x00000000   Number         0  __scatter.o ABSOLUTE
    ../clib/angel/startup.s                  0x00000000   Number         0  __main.o ABSOLUTE
    ../clib/angel/sys.s                      0x00000000   Number         0  sys_stackheap_outer.o ABSOLUTE
    ../clib/angel/sys.s                      0x00000000   Number         0  libspace.o ABSOLUTE
    ../clib/angel/sys.s                      0x00000000   Number         0  use_no_semi.o ABSOLUTE
    ../clib/angel/sys.s                      0x00000000   Number         0  indicate_semi.o ABSOLUTE
    ../clib/angel/sysapp.c                   0x00000000   Number         0  sys_exit.o ABSOLUTE
    ../clib/angel/sysapp.c                   0x00000000   Number         0  sys_exit_hlt.o ABSOLUTE
    ../clib/angel/sysapp.c                   0x00000000   Number         0  sys_command.o ABSOLUTE
    ../clib/angel/sysapp.c                   0x00000000   Number         0  sys_command_hlt.o ABSOLUTE
    ../clib/angel/sysapp.c                   0x00000000   Number         0  sys_wrch.o ABSOLUTE
    ../clib/angel/sysapp.c                   0x00000000   Number         0  sys_wrch_hlt.o ABSOLUTE
    ../clib/armsys.c                         0x00000000   Number         0  argv_veneer.o ABSOLUTE
    ../clib/armsys.c                         0x00000000   Number         0  argv_veneer.o ABSOLUTE
    ../clib/armsys.c                         0x00000000   Number         0  _get_argv_nomalloc.o ABSOLUTE
    ../clib/armsys.c                         0x00000000   Number         0  no_argv.o ABSOLUTE
    ../clib/heapalloc.c                      0x00000000   Number         0  hrguard.o ABSOLUTE
    ../clib/heapaux.c                        0x00000000   Number         0  heapauxi.o ABSOLUTE
    ../clib/libinit.s                        0x00000000   Number         0  libinit.o ABSOLUTE
    ../clib/libinit.s                        0x00000000   Number         0  libinit2.o ABSOLUTE
    ../clib/libinit.s                        0x00000000   Number         0  libshutdown.o ABSOLUTE
    ../clib/libinit.s                        0x00000000   Number         0  libshutdown2.o ABSOLUTE
    ../clib/signal.c                         0x00000000   Number         0  defsig_rtmem_outer.o ABSOLUTE
    ../clib/signal.c                         0x00000000   Number         0  defsig_rtmem_formal.o ABSOLUTE
    ../clib/signal.c                         0x00000000   Number         0  defsig_exit.o ABSOLUTE
    ../clib/signal.c                         0x00000000   Number         0  defsig_rtmem_inner.o ABSOLUTE
    ../clib/signal.c                         0x00000000   Number         0  __raise.o ABSOLUTE
    ../clib/signal.c                         0x00000000   Number         0  defsig_general.o ABSOLUTE
    ../clib/signal.c                         0x00000000   Number         0  defsig_abrt_inner.o ABSOLUTE
    ../clib/signal.c                         0x00000000   Number         0  defsig_fpe_inner.o ABSOLUTE
    ../clib/signal.c                         0x00000000   Number         0  defsig_rtred_inner.o ABSOLUTE
    ../clib/signal.c                         0x00000000   Number         0  defsig_stak_inner.o ABSOLUTE
    ../clib/signal.c                         0x00000000   Number         0  defsig_pvfn_inner.o ABSOLUTE
    ../clib/signal.c                         0x00000000   Number         0  defsig_cppl_inner.o ABSOLUTE
    ../clib/signal.c                         0x00000000   Number         0  defsig_segv_inner.o ABSOLUTE
    ../clib/signal.c                         0x00000000   Number         0  defsig_other.o ABSOLUTE
    ../clib/signal.s                         0x00000000   Number         0  defsig.o ABSOLUTE
    ../clib/stdlib.c                         0x00000000   Number         0  exit.o ABSOLUTE
    ../clib/string.c                         0x00000000   Number         0  strlen.o ABSOLUTE
    ../fplib/daddsub.s                       0x00000000   Number         0  daddsub_clz.o ABSOLUTE
    ../fplib/dcmp.s                          0x00000000   Number         0  dcmp.o ABSOLUTE
    ../fplib/dcmpi.s                         0x00000000   Number         0  dcmpi.o ABSOLUTE
    ../fplib/ddiv.s                          0x00000000   Number         0  ddiv.o ABSOLUTE
    ../fplib/deqf.s                          0x00000000   Number         0  deqf.o ABSOLUTE
    ../fplib/dfix.s                          0x00000000   Number         0  dfix.o ABSOLUTE
    ../fplib/dfixu.s                         0x00000000   Number         0  dfixu.o ABSOLUTE
    ../fplib/dflt.s                          0x00000000   Number         0  dflt_clz.o ABSOLUTE
    ../fplib/dgeqf.s                         0x00000000   Number         0  dgeqf.o ABSOLUTE
    ../fplib/dleqf.s                         0x00000000   Number         0  dleqf.o ABSOLUTE
    ../fplib/dmul.s                          0x00000000   Number         0  dmul.o ABSOLUTE
    ../fplib/dnaninf.s                       0x00000000   Number         0  dnaninf.o ABSOLUTE
    ../fplib/dretinf.s                       0x00000000   Number         0  dretinf.o ABSOLUTE
    ../fplib/f2d.s                           0x00000000   Number         0  f2d.o ABSOLUTE
    ../fplib/fdiv.s                          0x00000000   Number         0  fdiv.o ABSOLUTE
    ../fplib/fflt.s                          0x00000000   Number         0  fflt_clz.o ABSOLUTE
    ../fplib/fmul.s                          0x00000000   Number         0  fmul.o ABSOLUTE
    ../fplib/fnaninf.s                       0x00000000   Number         0  fnaninf.o ABSOLUTE
    ../fplib/fpinit.s                        0x00000000   Number         0  fpinit.o ABSOLUTE
    ../fplib/fpinit_empty.s                  0x00000000   Number         0  fpinit_empty.o ABSOLUTE
    ../fplib/fretinf.s                       0x00000000   Number         0  fretinf.o ABSOLUTE
    ../fplib/usenofp.s                       0x00000000   Number         0  usenofp.o ABSOLUTE
    1602_lcd_lib.c                           0x00000000   Number         0  1602_lcd_lib.o ABSOLUTE
    EXTI_lib.c                               0x00000000   Number         0  exti_lib.o ABSOLUTE
    RTE/Device/STM32F103RB/startup_stm32f10x_md.s 0x00000000   Number         0  startup_stm32f10x_md.o ABSOLUTE
    USART_Lib.c                              0x00000000   Number         0  usart_lib.o ABSOLUTE
    dc.s                                     0x00000000   Number         0  dc.o ABSOLUTE
    gpio_lib.c                               0x00000000   Number         0  gpio_lib.o ABSOLUTE
    i2c_lib.c                                0x00000000   Number         0  i2c_lib.o ABSOLUTE
    main.c                                   0x00000000   Number         0  main.o ABSOLUTE
    oled_i2c_lib.c                           0x00000000   Number         0  oled_i2c_lib.o ABSOLUTE
    spi_lib.c                                0x00000000   Number         0  spi_lib.o ABSOLUTE
    system_stm32f10x.c                       0x00000000   Number         0  system_stm32f10x.o ABSOLUTE
    systic_lib.c                             0x00000000   Number         0  systic_lib.o ABSOLUTE
    timer_lib.c                              0x00000000   Number         0  timer_lib.o ABSOLUTE
    RESET                                    0x08000000   Section      236  startup_stm32f10x_md.o(RESET)
    !!!main                                  0x080000ec   Section        8  __main.o(!!!main)
    !!!scatter                               0x080000f4   Section       92  __scatter.o(!!!scatter)
    !!handler_null                           0x08000150   Section        2  __scatter.o(!!handler_null)
    !!handler_zi                             0x08000154   Section       28  __scatter_zi.o(!!handler_zi)
    .ARM.Collect$$libinit$$00000000          0x08000170   Section        2  libinit.o(.ARM.Collect$$libinit$$00000000)
    .ARM.Collect$$libinit$$00000002          0x08000172   Section        0  libinit2.o(.ARM.Collect$$libinit$$00000002)
    .ARM.Collect$$libinit$$00000004          0x08000172   Section        0  libinit2.o(.ARM.Collect$$libinit$$00000004)
    .ARM.Collect$$libinit$$00000006          0x08000172   Section        0  libinit2.o(.ARM.Collect$$libinit$$00000006)
    .ARM.Collect$$libinit$$0000000C          0x08000172   Section        0  libinit2.o(.ARM.Collect$$libinit$$0000000C)
    .ARM.Collect$$libinit$$0000000E          0x08000172   Section        0  libinit2.o(.ARM.Collect$$libinit$$0000000E)
    .ARM.Collect$$libinit$$00000010          0x08000172   Section        0  libinit2.o(.ARM.Collect$$libinit$$00000010)
    .ARM.Collect$$libinit$$00000013          0x08000172   Section        0  libinit2.o(.ARM.Collect$$libinit$$00000013)
    .ARM.Collect$$libinit$$00000015          0x08000172   Section        0  libinit2.o(.ARM.Collect$$libinit$$00000015)
    .ARM.Collect$$libinit$$00000017          0x08000172   Section        0  libinit2.o(.ARM.Collect$$libinit$$00000017)
    .ARM.Collect$$libinit$$00000019          0x08000172   Section        0  libinit2.o(.ARM.Collect$$libinit$$00000019)
    .ARM.Collect$$libinit$$0000001B          0x08000172   Section        0  libinit2.o(.ARM.Collect$$libinit$$0000001B)
    .ARM.Collect$$libinit$$0000001D          0x08000172   Section        0  libinit2.o(.ARM.Collect$$libinit$$0000001D)
    .ARM.Collect$$libinit$$0000001F          0x08000172   Section        0  libinit2.o(.ARM.Collect$$libinit$$0000001F)
    .ARM.Collect$$libinit$$00000021          0x08000172   Section        0  libinit2.o(.ARM.Collect$$libinit$$00000021)
    .ARM.Collect$$libinit$$00000023          0x08000172   Section        0  libinit2.o(.ARM.Collect$$libinit$$00000023)
    .ARM.Collect$$libinit$$00000025          0x08000172   Section        0  libinit2.o(.ARM.Collect$$libinit$$00000025)
    .ARM.Collect$$libinit$$00000027          0x08000172   Section        0  libinit2.o(.ARM.Collect$$libinit$$00000027)
    .ARM.Collect$$libinit$$0000002E          0x08000172   Section        0  libinit2.o(.ARM.Collect$$libinit$$0000002E)
    .ARM.Collect$$libinit$$00000030          0x08000172   Section        0  libinit2.o(.ARM.Collect$$libinit$$00000030)
    .ARM.Collect$$libinit$$00000032          0x08000172   Section        0  libinit2.o(.ARM.Collect$$libinit$$00000032)
    .ARM.Collect$$libinit$$00000034          0x08000172   Section        0  libinit2.o(.ARM.Collect$$libinit$$00000034)
    .ARM.Collect$$libinit$$00000035          0x08000172   Section        2  libinit2.o(.ARM.Collect$$libinit$$00000035)
    .ARM.Collect$$libshutdown$$00000000      0x08000174   Section        2  libshutdown.o(.ARM.Collect$$libshutdown$$00000000)
    .ARM.Collect$$libshutdown$$00000002      0x08000176   Section        0  libshutdown2.o(.ARM.Collect$$libshutdown$$00000002)
    .ARM.Collect$$libshutdown$$00000004      0x08000176   Section        0  libshutdown2.o(.ARM.Collect$$libshutdown$$00000004)
    .ARM.Collect$$libshutdown$$00000007      0x08000176   Section        0  libshutdown2.o(.ARM.Collect$$libshutdown$$00000007)
    .ARM.Collect$$libshutdown$$0000000A      0x08000176   Section        0  libshutdown2.o(.ARM.Collect$$libshutdown$$0000000A)
    .ARM.Collect$$libshutdown$$0000000C      0x08000176   Section        0  libshutdown2.o(.ARM.Collect$$libshutdown$$0000000C)
    .ARM.Collect$$libshutdown$$0000000F      0x08000176   Section        0  libshutdown2.o(.ARM.Collect$$libshutdown$$0000000F)
    .ARM.Collect$$libshutdown$$00000010      0x08000176   Section        2  libshutdown2.o(.ARM.Collect$$libshutdown$$00000010)
    .ARM.Collect$$rtentry$$00000000          0x08000178   Section        0  __rtentry.o(.ARM.Collect$$rtentry$$00000000)
    .ARM.Collect$$rtentry$$00000002          0x08000178   Section        0  __rtentry2.o(.ARM.Collect$$rtentry$$00000002)
    .ARM.Collect$$rtentry$$00000004          0x08000178   Section        6  __rtentry4.o(.ARM.Collect$$rtentry$$00000004)
    .ARM.Collect$$rtentry$$00000009          0x0800017e   Section        0  __rtentry2.o(.ARM.Collect$$rtentry$$00000009)
    .ARM.Collect$$rtentry$$0000000A          0x0800017e   Section        4  __rtentry2.o(.ARM.Collect$$rtentry$$0000000A)
    .ARM.Collect$$rtentry$$0000000C          0x08000182   Section        0  __rtentry2.o(.ARM.Collect$$rtentry$$0000000C)
    .ARM.Collect$$rtentry$$0000000D          0x08000182   Section        8  __rtentry2.o(.ARM.Collect$$rtentry$$0000000D)
    .ARM.Collect$$rtexit$$00000000           0x0800018a   Section        2  rtexit.o(.ARM.Collect$$rtexit$$00000000)
    .ARM.Collect$$rtexit$$00000002           0x0800018c   Section        0  rtexit2.o(.ARM.Collect$$rtexit$$00000002)
    .ARM.Collect$$rtexit$$00000003           0x0800018c   Section        4  rtexit2.o(.ARM.Collect$$rtexit$$00000003)
    .ARM.Collect$$rtexit$$00000004           0x08000190   Section        6  rtexit2.o(.ARM.Collect$$rtexit$$00000004)
    .text                                    0x08000198   Section       64  startup_stm32f10x_md.o(.text)
    .text                                    0x080001d8   Section        0  strlen.o(.text)
    .text                                    0x08000216   Section        0  heapauxi.o(.text)
    .text                                    0x0800021c   Section       74  sys_stackheap_outer.o(.text)
    .text                                    0x08000266   Section        0  exit.o(.text)
    .text                                    0x08000278   Section        8  libspace.o(.text)
    .text                                    0x08000280   Section        0  sys_exit.o(.text)
    .text                                    0x0800028c   Section        2  use_no_semi.o(.text)
    .text                                    0x0800028e   Section        0  indicate_semi.o(.text)
    [Anonymous Symbol]                       0x08000290   Section        0  systic_lib.o(.text.Delay_Sys_MS)
    [Anonymous Symbol]                       0x080002bc   Section        0  systic_lib.o(.text.Delay_Sys_US)
    [Anonymous Symbol]                       0x080002e8   Section        0  1602_lcd_lib.o(.text.LCD1602_Send_command)
    [Anonymous Symbol]                       0x080003b4   Section        0  1602_lcd_lib.o(.text.LCD1602_Send_data)
    [Anonymous Symbol]                       0x0800047c   Section        0  1602_lcd_lib.o(.text.LCD1602_init)
    [Anonymous Symbol]                       0x08000518   Section        0  1602_lcd_lib.o(.text.LCD1602_print)
    [Anonymous Symbol]                       0x08000574   Section        0  1602_lcd_lib.o(.text.LCD1602_scroll_from_left)
    [Anonymous Symbol]                       0x0800061c   Section        0  1602_lcd_lib.o(.text.LCD1602_scroll_from_right)
    SetSysClock                              0x080006cd   Thumb Code     8  system_stm32f10x.o(.text.SetSysClock)
    [Anonymous Symbol]                       0x080006cc   Section        0  system_stm32f10x.o(.text.SetSysClock)
    SetSysClockTo72                          0x080006d5   Thumb Code   290  system_stm32f10x.o(.text.SetSysClockTo72)
    [Anonymous Symbol]                       0x080006d4   Section        0  system_stm32f10x.o(.text.SetSysClockTo72)
    [Anonymous Symbol]                       0x080007f8   Section        0  systic_lib.o(.text.Sys_Delay_Milisecond)
    [Anonymous Symbol]                       0x08000830   Section        0  systic_lib.o(.text.Sys_delay_microsecond)
    [Anonymous Symbol]                       0x08000860   Section        0  system_stm32f10x.o(.text.SystemInit)
    [Anonymous Symbol]                       0x080008c8   Section        0  gpio_lib.o(.text.config_gpio)
    [Anonymous Symbol]                       0x08000a14   Section        0  1602_lcd_lib.o(.text.lcd1602_send_string)
    [Anonymous Symbol]                       0x08000a48   Section        0  main.o(.text.main)
    [Anonymous Symbol]                       0x08000a84   Section        0  systic_lib.o(.text.systic_init)
    [Anonymous Symbol]                       0x08000ab4   Section        0  gpio_lib.o(.text.write_gpio)
    .L.str                                   0x08000b64   Data          32  main.o(.rodata.str1.1)
    [Anonymous Symbol]                       0x08000b64   Section        0  main.o(.rodata.str1.1)
    .L.str.1                                 0x08000b84   Data          37  main.o(.rodata.str1.1)
    .bss                                     0x20000000   Section       96  libspace.o(.bss)
    Heap_Mem                                 0x20000060   Data         512  startup_stm32f10x_md.o(HEAP)
    HEAP                                     0x20000060   Section      512  startup_stm32f10x_md.o(HEAP)
    Stack_Mem                                0x20000260   Data        1024  startup_stm32f10x_md.o(STACK)
    STACK                                    0x20000260   Section     1024  startup_stm32f10x_md.o(STACK)
    __initial_sp                             0x20000660   Data           0  startup_stm32f10x_md.o(STACK)

    Global Symbols

    Symbol Name                              Value     Ov Type        Size  Object(Section)

    BuildAttributes$$THM_ISAv4$P$D$K$B$S$PE$A:L22UL41UL21$X:L11$S22US41US21$IEEE1$IW$~IW$USESV6$~STKCKD$USESV7$~SHL$OSPACE$ROPI$EBA8$UX$STANDARDLIB$REQ8$PRES8$EABIv2 0x00000000   Number         0  anon$$obj.o ABSOLUTE
    __fp_init_empty                          0x00000000   Number         0  fpinit_empty.o ABSOLUTE
    __ARM_exceptions_init                     - Undefined Weak Reference
    __alloca_initialize                       - Undefined Weak Reference
    __arm_preinit_                            - Undefined Weak Reference
    __arm_relocate_pie_                       - Undefined Weak Reference
    __cpp_initialize__aeabi_                  - Undefined Weak Reference
    __cxa_finalize                            - Undefined Weak Reference
    __rt_locale                               - Undefined Weak Reference
    __sigvec_lookup                           - Undefined Weak Reference
    _atexit_init                              - Undefined Weak Reference
    _call_atexit_fns                          - Undefined Weak Reference
    _clock_init                               - Undefined Weak Reference
    _fp_trap_init                             - Undefined Weak Reference
    _fp_trap_shutdown                         - Undefined Weak Reference
    _get_lc_collate                           - Undefined Weak Reference
    _get_lc_ctype                             - Undefined Weak Reference
    _get_lc_monetary                          - Undefined Weak Reference
    _get_lc_numeric                           - Undefined Weak Reference
    _get_lc_time                              - Undefined Weak Reference
    _getenv_init                              - Undefined Weak Reference
    _handle_redirection                       - Undefined Weak Reference
    _init_alloc                               - Undefined Weak Reference
    _init_user_alloc                          - Undefined Weak Reference
    _initio                                   - Undefined Weak Reference
    _rand_init                                - Undefined Weak Reference
    _signal_finish                            - Undefined Weak Reference
    _signal_init                              - Undefined Weak Reference
    _terminate_alloc                          - Undefined Weak Reference
    _terminate_user_alloc                     - Undefined Weak Reference
    _terminateio                              - Undefined Weak Reference
    __Vectors_Size                           0x000000ec   Number         0  startup_stm32f10x_md.o ABSOLUTE
    __Vectors                                0x08000000   Data           4  startup_stm32f10x_md.o(RESET)
    __Vectors_End                            0x080000ec   Data           0  startup_stm32f10x_md.o(RESET)
    __main                                   0x080000ed   Thumb Code     8  __main.o(!!!main)
    __scatterload                            0x080000f5   Thumb Code     0  __scatter.o(!!!scatter)
    __scatterload_rt2                        0x080000f5   Thumb Code    84  __scatter.o(!!!scatter)
    __scatterload_rt2_thumb_only             0x080000f5   Thumb Code     0  __scatter.o(!!!scatter)
    __scatterload_loop                       0x080000ff   Thumb Code     0  __scatter.o(!!!scatter)
    __scatterload_null                       0x08000151   Thumb Code     2  __scatter.o(!!handler_null)
    __scatterload_zeroinit                   0x08000155   Thumb Code    28  __scatter_zi.o(!!handler_zi)
    __rt_lib_init                            0x08000171   Thumb Code     0  libinit.o(.ARM.Collect$$libinit$$00000000)
    __rt_lib_init_alloca_1                   0x08000173   Thumb Code     0  libinit2.o(.ARM.Collect$$libinit$$00000030)
    __rt_lib_init_argv_1                     0x08000173   Thumb Code     0  libinit2.o(.ARM.Collect$$libinit$$0000002E)
    __rt_lib_init_atexit_1                   0x08000173   Thumb Code     0  libinit2.o(.ARM.Collect$$libinit$$0000001D)
    __rt_lib_init_clock_1                    0x08000173   Thumb Code     0  libinit2.o(.ARM.Collect$$libinit$$00000023)
    __rt_lib_init_cpp_1                      0x08000173   Thumb Code     0  libinit2.o(.ARM.Collect$$libinit$$00000034)
    __rt_lib_init_exceptions_1               0x08000173   Thumb Code     0  libinit2.o(.ARM.Collect$$libinit$$00000032)
    __rt_lib_init_fp_1                       0x08000173   Thumb Code     0  libinit2.o(.ARM.Collect$$libinit$$00000002)
    __rt_lib_init_fp_trap_1                  0x08000173   Thumb Code     0  libinit2.o(.ARM.Collect$$libinit$$00000021)
    __rt_lib_init_getenv_1                   0x08000173   Thumb Code     0  libinit2.o(.ARM.Collect$$libinit$$00000025)
    __rt_lib_init_heap_1                     0x08000173   Thumb Code     0  libinit2.o(.ARM.Collect$$libinit$$0000000C)
    __rt_lib_init_lc_collate_1               0x08000173   Thumb Code     0  libinit2.o(.ARM.Collect$$libinit$$00000013)
    __rt_lib_init_lc_ctype_1                 0x08000173   Thumb Code     0  libinit2.o(.ARM.Collect$$libinit$$00000015)
    __rt_lib_init_lc_monetary_1              0x08000173   Thumb Code     0  libinit2.o(.ARM.Collect$$libinit$$00000017)
    __rt_lib_init_lc_numeric_1               0x08000173   Thumb Code     0  libinit2.o(.ARM.Collect$$libinit$$00000019)
    __rt_lib_init_lc_time_1                  0x08000173   Thumb Code     0  libinit2.o(.ARM.Collect$$libinit$$0000001B)
    __rt_lib_init_preinit_1                  0x08000173   Thumb Code     0  libinit2.o(.ARM.Collect$$libinit$$00000006)
    __rt_lib_init_rand_1                     0x08000173   Thumb Code     0  libinit2.o(.ARM.Collect$$libinit$$00000010)
    __rt_lib_init_relocate_pie_1             0x08000173   Thumb Code     0  libinit2.o(.ARM.Collect$$libinit$$00000004)
    __rt_lib_init_return                     0x08000173   Thumb Code     0  libinit2.o(.ARM.Collect$$libinit$$00000035)
    __rt_lib_init_signal_1                   0x08000173   Thumb Code     0  libinit2.o(.ARM.Collect$$libinit$$0000001F)
    __rt_lib_init_stdio_1                    0x08000173   Thumb Code     0  libinit2.o(.ARM.Collect$$libinit$$00000027)
    __rt_lib_init_user_alloc_1               0x08000173   Thumb Code     0  libinit2.o(.ARM.Collect$$libinit$$0000000E)
    __rt_lib_shutdown                        0x08000175   Thumb Code     0  libshutdown.o(.ARM.Collect$$libshutdown$$00000000)
    __rt_lib_shutdown_cpp_1                  0x08000177   Thumb Code     0  libshutdown2.o(.ARM.Collect$$libshutdown$$00000002)
    __rt_lib_shutdown_fp_trap_1              0x08000177   Thumb Code     0  libshutdown2.o(.ARM.Collect$$libshutdown$$00000007)
    __rt_lib_shutdown_heap_1                 0x08000177   Thumb Code     0  libshutdown2.o(.ARM.Collect$$libshutdown$$0000000F)
    __rt_lib_shutdown_return                 0x08000177   Thumb Code     0  libshutdown2.o(.ARM.Collect$$libshutdown$$00000010)
    __rt_lib_shutdown_signal_1               0x08000177   Thumb Code     0  libshutdown2.o(.ARM.Collect$$libshutdown$$0000000A)
    __rt_lib_shutdown_stdio_1                0x08000177   Thumb Code     0  libshutdown2.o(.ARM.Collect$$libshutdown$$00000004)
    __rt_lib_shutdown_user_alloc_1           0x08000177   Thumb Code     0  libshutdown2.o(.ARM.Collect$$libshutdown$$0000000C)
    __rt_entry                               0x08000179   Thumb Code     0  __rtentry.o(.ARM.Collect$$rtentry$$00000000)
    __rt_entry_presh_1                       0x08000179   Thumb Code     0  __rtentry2.o(.ARM.Collect$$rtentry$$00000002)
    __rt_entry_sh                            0x08000179   Thumb Code     0  __rtentry4.o(.ARM.Collect$$rtentry$$00000004)
    __rt_entry_li                            0x0800017f   Thumb Code     0  __rtentry2.o(.ARM.Collect$$rtentry$$0000000A)
    __rt_entry_postsh_1                      0x0800017f   Thumb Code     0  __rtentry2.o(.ARM.Collect$$rtentry$$00000009)
    __rt_entry_main                          0x08000183   Thumb Code     0  __rtentry2.o(.ARM.Collect$$rtentry$$0000000D)
    __rt_entry_postli_1                      0x08000183   Thumb Code     0  __rtentry2.o(.ARM.Collect$$rtentry$$0000000C)
    __rt_exit                                0x0800018b   Thumb Code     0  rtexit.o(.ARM.Collect$$rtexit$$00000000)
    __rt_exit_ls                             0x0800018d   Thumb Code     0  rtexit2.o(.ARM.Collect$$rtexit$$00000003)
    __rt_exit_prels_1                        0x0800018d   Thumb Code     0  rtexit2.o(.ARM.Collect$$rtexit$$00000002)
    __rt_exit_exit                           0x08000191   Thumb Code     0  rtexit2.o(.ARM.Collect$$rtexit$$00000004)
    Reset_Handler                            0x08000199   Thumb Code     8  startup_stm32f10x_md.o(.text)
    NMI_Handler                              0x080001a1   Thumb Code     2  startup_stm32f10x_md.o(.text)
    HardFault_Handler                        0x080001a3   Thumb Code     2  startup_stm32f10x_md.o(.text)
    MemManage_Handler                        0x080001a5   Thumb Code     2  startup_stm32f10x_md.o(.text)
    BusFault_Handler                         0x080001a7   Thumb Code     2  startup_stm32f10x_md.o(.text)
    UsageFault_Handler                       0x080001a9   Thumb Code     2  startup_stm32f10x_md.o(.text)
    SVC_Handler                              0x080001ab   Thumb Code     2  startup_stm32f10x_md.o(.text)
    DebugMon_Handler                         0x080001ad   Thumb Code     2  startup_stm32f10x_md.o(.text)
    PendSV_Handler                           0x080001af   Thumb Code     2  startup_stm32f10x_md.o(.text)
    SysTick_Handler                          0x080001b1   Thumb Code     2  startup_stm32f10x_md.o(.text)
    ADC1_2_IRQHandler                        0x080001b3   Thumb Code     0  startup_stm32f10x_md.o(.text)
    CAN1_RX1_IRQHandler                      0x080001b3   Thumb Code     0  startup_stm32f10x_md.o(.text)
    CAN1_SCE_IRQHandler                      0x080001b3   Thumb Code     0  startup_stm32f10x_md.o(.text)
    DMA1_Channel1_IRQHandler                 0x080001b3   Thumb Code     0  startup_stm32f10x_md.o(.text)
    DMA1_Channel2_IRQHandler                 0x080001b3   Thumb Code     0  startup_stm32f10x_md.o(.text)
    DMA1_Channel3_IRQHandler                 0x080001b3   Thumb Code     0  startup_stm32f10x_md.o(.text)
    DMA1_Channel4_IRQHandler                 0x080001b3   Thumb Code     0  startup_stm32f10x_md.o(.text)
    DMA1_Channel5_IRQHandler                 0x080001b3   Thumb Code     0  startup_stm32f10x_md.o(.text)
    DMA1_Channel6_IRQHandler                 0x080001b3   Thumb Code     0  startup_stm32f10x_md.o(.text)
    DMA1_Channel7_IRQHandler                 0x080001b3   Thumb Code     0  startup_stm32f10x_md.o(.text)
    EXTI0_IRQHandler                         0x080001b3   Thumb Code     0  startup_stm32f10x_md.o(.text)
    EXTI15_10_IRQHandler                     0x080001b3   Thumb Code     0  startup_stm32f10x_md.o(.text)
    EXTI1_IRQHandler                         0x080001b3   Thumb Code     0  startup_stm32f10x_md.o(.text)
    EXTI2_IRQHandler                         0x080001b3   Thumb Code     0  startup_stm32f10x_md.o(.text)
    EXTI3_IRQHandler                         0x080001b3   Thumb Code     0  startup_stm32f10x_md.o(.text)
    EXTI4_IRQHandler                         0x080001b3   Thumb Code     0  startup_stm32f10x_md.o(.text)
    EXTI9_5_IRQHandler                       0x080001b3   Thumb Code     0  startup_stm32f10x_md.o(.text)
    FLASH_IRQHandler                         0x080001b3   Thumb Code     0  startup_stm32f10x_md.o(.text)
    I2C1_ER_IRQHandler                       0x080001b3   Thumb Code     0  startup_stm32f10x_md.o(.text)
    I2C1_EV_IRQHandler                       0x080001b3   Thumb Code     0  startup_stm32f10x_md.o(.text)
    I2C2_ER_IRQHandler                       0x080001b3   Thumb Code     0  startup_stm32f10x_md.o(.text)
    I2C2_EV_IRQHandler                       0x080001b3   Thumb Code     0  startup_stm32f10x_md.o(.text)
    PVD_IRQHandler                           0x080001b3   Thumb Code     0  startup_stm32f10x_md.o(.text)
    RCC_IRQHandler                           0x080001b3   Thumb Code     0  startup_stm32f10x_md.o(.text)
    RTCAlarm_IRQHandler                      0x080001b3   Thumb Code     0  startup_stm32f10x_md.o(.text)
    RTC_IRQHandler                           0x080001b3   Thumb Code     0  startup_stm32f10x_md.o(.text)
    SPI1_IRQHandler                          0x080001b3   Thumb Code     0  startup_stm32f10x_md.o(.text)
    SPI2_IRQHandler                          0x080001b3   Thumb Code     0  startup_stm32f10x_md.o(.text)
    TAMPER_IRQHandler                        0x080001b3   Thumb Code     0  startup_stm32f10x_md.o(.text)
    TIM1_BRK_IRQHandler                      0x080001b3   Thumb Code     0  startup_stm32f10x_md.o(.text)
    TIM1_CC_IRQHandler                       0x080001b3   Thumb Code     0  startup_stm32f10x_md.o(.text)
    TIM1_TRG_COM_IRQHandler                  0x080001b3   Thumb Code     0  startup_stm32f10x_md.o(.text)
    TIM1_UP_IRQHandler                       0x080001b3   Thumb Code     0  startup_stm32f10x_md.o(.text)
    TIM2_IRQHandler                          0x080001b3   Thumb Code     0  startup_stm32f10x_md.o(.text)
    TIM3_IRQHandler                          0x080001b3   Thumb Code     0  startup_stm32f10x_md.o(.text)
    TIM4_IRQHandler                          0x080001b3   Thumb Code     0  startup_stm32f10x_md.o(.text)
    USART1_IRQHandler                        0x080001b3   Thumb Code     0  startup_stm32f10x_md.o(.text)
    USART2_IRQHandler                        0x080001b3   Thumb Code     0  startup_stm32f10x_md.o(.text)
    USART3_IRQHandler                        0x080001b3   Thumb Code     0  startup_stm32f10x_md.o(.text)
    USBWakeUp_IRQHandler                     0x080001b3   Thumb Code     0  startup_stm32f10x_md.o(.text)
    USB_HP_CAN1_TX_IRQHandler                0x080001b3   Thumb Code     0  startup_stm32f10x_md.o(.text)
    USB_LP_CAN1_RX0_IRQHandler               0x080001b3   Thumb Code     0  startup_stm32f10x_md.o(.text)
    WWDG_IRQHandler                          0x080001b3   Thumb Code     0  startup_stm32f10x_md.o(.text)
    __user_initial_stackheap                 0x080001b5   Thumb Code     0  startup_stm32f10x_md.o(.text)
    strlen                                   0x080001d9   Thumb Code    62  strlen.o(.text)
    __use_two_region_memory                  0x08000217   Thumb Code     2  heapauxi.o(.text)
    __rt_heap_escrow$2region                 0x08000219   Thumb Code     2  heapauxi.o(.text)
    __rt_heap_expand$2region                 0x0800021b   Thumb Code     2  heapauxi.o(.text)
    __user_setup_stackheap                   0x0800021d   Thumb Code    74  sys_stackheap_outer.o(.text)
    exit                                     0x08000267   Thumb Code    18  exit.o(.text)
    __user_libspace                          0x08000279   Thumb Code     8  libspace.o(.text)
    __user_perproc_libspace                  0x08000279   Thumb Code     0  libspace.o(.text)
    __user_perthread_libspace                0x08000279   Thumb Code     0  libspace.o(.text)
    _sys_exit                                0x08000281   Thumb Code     8  sys_exit.o(.text)
    __I$use$semihosting                      0x0800028d   Thumb Code     0  use_no_semi.o(.text)
    __use_no_semihosting_swi                 0x0800028d   Thumb Code     2  use_no_semi.o(.text)
    __semihosting_library_function           0x0800028f   Thumb Code     0  indicate_semi.o(.text)
    Delay_Sys_MS                             0x08000291   Thumb Code    42  systic_lib.o(.text.Delay_Sys_MS)
    Delay_Sys_US                             0x080002bd   Thumb Code    42  systic_lib.o(.text.Delay_Sys_US)
    LCD1602_Send_command                     0x080002e9   Thumb Code   202  1602_lcd_lib.o(.text.LCD1602_Send_command)
    LCD1602_Send_data                        0x080003b5   Thumb Code   200  1602_lcd_lib.o(.text.LCD1602_Send_data)
    LCD1602_init                             0x0800047d   Thumb Code   154  1602_lcd_lib.o(.text.LCD1602_init)
    LCD1602_print                            0x08000519   Thumb Code    92  1602_lcd_lib.o(.text.LCD1602_print)
    LCD1602_scroll_from_left                 0x08000575   Thumb Code   166  1602_lcd_lib.o(.text.LCD1602_scroll_from_left)
    LCD1602_scroll_from_right                0x0800061d   Thumb Code   176  1602_lcd_lib.o(.text.LCD1602_scroll_from_right)
    Sys_Delay_Milisecond                     0x080007f9   Thumb Code    54  systic_lib.o(.text.Sys_Delay_Milisecond)
    Sys_delay_microsecond                    0x08000831   Thumb Code    48  systic_lib.o(.text.Sys_delay_microsecond)
    SystemInit                               0x08000861   Thumb Code   102  system_stm32f10x.o(.text.SystemInit)
    config_gpio                              0x080008c9   Thumb Code   330  gpio_lib.o(.text.config_gpio)
    lcd1602_send_string                      0x08000a15   Thumb Code    52  1602_lcd_lib.o(.text.lcd1602_send_string)
    main                                     0x08000a49   Thumb Code    60  main.o(.text.main)
    systic_init                              0x08000a85   Thumb Code    46  systic_lib.o(.text.systic_init)
    write_gpio                               0x08000ab5   Thumb Code   176  gpio_lib.o(.text.write_gpio)
    Region$$Table$$Base                      0x08000bac   Number         0  anon$$obj.o(Region$$Table)
    Region$$Table$$Limit                     0x08000bbc   Number         0  anon$$obj.o(Region$$Table)
    __libspace_start                         0x20000000   Data          96  libspace.o(.bss)
    __temporary_stack_top$libspace           0x20000060   Data           0  libspace.o(.bss)



==============================================================================

Memory Map of the image

  Image Entry point : 0x08000199

  Load Region LR_1 (Base: 0x08000000, Size: 0x00000bbc, Max: 0xffffffff, ABSOLUTE)

    Execution Region ER_RO (Exec base: 0x08000000, Load base: 0x08000000, Size: 0x00000bbc, Max: 0xffffffff, ABSOLUTE)

    Exec Addr    Load Addr    Size         Type   Attr      Idx    E Section Name        Object

    0x08000000   0x08000000   0x000000ec   Data   RO          202    RESET               startup_stm32f10x_md.o
    0x080000ec   0x080000ec   0x00000008   Code   RO          232  * !!!main             c_w.l(__main.o)
    0x080000f4   0x080000f4   0x0000005c   Code   RO          456    !!!scatter          c_w.l(__scatter.o)
    0x08000150   0x08000150   0x00000002   Code   RO          457    !!handler_null      c_w.l(__scatter.o)
    0x08000152   0x08000152   0x00000002   PAD
    0x08000154   0x08000154   0x0000001c   Code   RO          460    !!handler_zi        c_w.l(__scatter_zi.o)
    0x08000170   0x08000170   0x00000002   Code   RO          318    .ARM.Collect$$libinit$$00000000  c_w.l(libinit.o)
    0x08000172   0x08000172   0x00000000   Code   RO          325    .ARM.Collect$$libinit$$00000002  c_w.l(libinit2.o)
    0x08000172   0x08000172   0x00000000   Code   RO          327    .ARM.Collect$$libinit$$00000004  c_w.l(libinit2.o)
    0x08000172   0x08000172   0x00000000   Code   RO          329    .ARM.Collect$$libinit$$00000006  c_w.l(libinit2.o)
    0x08000172   0x08000172   0x00000000   Code   RO          332    .ARM.Collect$$libinit$$0000000C  c_w.l(libinit2.o)
    0x08000172   0x08000172   0x00000000   Code   RO          334    .ARM.Collect$$libinit$$0000000E  c_w.l(libinit2.o)
    0x08000172   0x08000172   0x00000000   Code   RO          336    .ARM.Collect$$libinit$$00000010  c_w.l(libinit2.o)
    0x08000172   0x08000172   0x00000000   Code   RO          339    .ARM.Collect$$libinit$$00000013  c_w.l(libinit2.o)
    0x08000172   0x08000172   0x00000000   Code   RO          341    .ARM.Collect$$libinit$$00000015  c_w.l(libinit2.o)
    0x08000172   0x08000172   0x00000000   Code   RO          343    .ARM.Collect$$libinit$$00000017  c_w.l(libinit2.o)
    0x08000172   0x08000172   0x00000000   Code   RO          345    .ARM.Collect$$libinit$$00000019  c_w.l(libinit2.o)
    0x08000172   0x08000172   0x00000000   Code   RO          347    .ARM.Collect$$libinit$$0000001B  c_w.l(libinit2.o)
    0x08000172   0x08000172   0x00000000   Code   RO          349    .ARM.Collect$$libinit$$0000001D  c_w.l(libinit2.o)
    0x08000172   0x08000172   0x00000000   Code   RO          351    .ARM.Collect$$libinit$$0000001F  c_w.l(libinit2.o)
    0x08000172   0x08000172   0x00000000   Code   RO          353    .ARM.Collect$$libinit$$00000021  c_w.l(libinit2.o)
    0x08000172   0x08000172   0x00000000   Code   RO          355    .ARM.Collect$$libinit$$00000023  c_w.l(libinit2.o)
    0x08000172   0x08000172   0x00000000   Code   RO          357    .ARM.Collect$$libinit$$00000025  c_w.l(libinit2.o)
    0x08000172   0x08000172   0x00000000   Code   RO          359    .ARM.Collect$$libinit$$00000027  c_w.l(libinit2.o)
    0x08000172   0x08000172   0x00000000   Code   RO          363    .ARM.Collect$$libinit$$0000002E  c_w.l(libinit2.o)
    0x08000172   0x08000172   0x00000000   Code   RO          365    .ARM.Collect$$libinit$$00000030  c_w.l(libinit2.o)
    0x08000172   0x08000172   0x00000000   Code   RO          367    .ARM.Collect$$libinit$$00000032  c_w.l(libinit2.o)
    0x08000172   0x08000172   0x00000000   Code   RO          369    .ARM.Collect$$libinit$$00000034  c_w.l(libinit2.o)
    0x08000172   0x08000172   0x00000002   Code   RO          370    .ARM.Collect$$libinit$$00000035  c_w.l(libinit2.o)
    0x08000174   0x08000174   0x00000002   Code   RO          392    .ARM.Collect$$libshutdown$$00000000  c_w.l(libshutdown.o)
    0x08000176   0x08000176   0x00000000   Code   RO          407    .ARM.Collect$$libshutdown$$00000002  c_w.l(libshutdown2.o)
    0x08000176   0x08000176   0x00000000   Code   RO          409    .ARM.Collect$$libshutdown$$00000004  c_w.l(libshutdown2.o)
    0x08000176   0x08000176   0x00000000   Code   RO          412    .ARM.Collect$$libshutdown$$00000007  c_w.l(libshutdown2.o)
    0x08000176   0x08000176   0x00000000   Code   RO          415    .ARM.Collect$$libshutdown$$0000000A  c_w.l(libshutdown2.o)
    0x08000176   0x08000176   0x00000000   Code   RO          417    .ARM.Collect$$libshutdown$$0000000C  c_w.l(libshutdown2.o)
    0x08000176   0x08000176   0x00000000   Code   RO          420    .ARM.Collect$$libshutdown$$0000000F  c_w.l(libshutdown2.o)
    0x08000176   0x08000176   0x00000002   Code   RO          421    .ARM.Collect$$libshutdown$$00000010  c_w.l(libshutdown2.o)
    0x08000178   0x08000178   0x00000000   Code   RO          276    .ARM.Collect$$rtentry$$00000000  c_w.l(__rtentry.o)
    0x08000178   0x08000178   0x00000000   Code   RO          293    .ARM.Collect$$rtentry$$00000002  c_w.l(__rtentry2.o)
    0x08000178   0x08000178   0x00000006   Code   RO          305    .ARM.Collect$$rtentry$$00000004  c_w.l(__rtentry4.o)
    0x0800017e   0x0800017e   0x00000000   Code   RO          295    .ARM.Collect$$rtentry$$00000009  c_w.l(__rtentry2.o)
    0x0800017e   0x0800017e   0x00000004   Code   RO          296    .ARM.Collect$$rtentry$$0000000A  c_w.l(__rtentry2.o)
    0x08000182   0x08000182   0x00000000   Code   RO          298    .ARM.Collect$$rtentry$$0000000C  c_w.l(__rtentry2.o)
    0x08000182   0x08000182   0x00000008   Code   RO          299    .ARM.Collect$$rtentry$$0000000D  c_w.l(__rtentry2.o)
    0x0800018a   0x0800018a   0x00000002   Code   RO          322    .ARM.Collect$$rtexit$$00000000  c_w.l(rtexit.o)
    0x0800018c   0x0800018c   0x00000000   Code   RO          372    .ARM.Collect$$rtexit$$00000002  c_w.l(rtexit2.o)
    0x0800018c   0x0800018c   0x00000004   Code   RO          373    .ARM.Collect$$rtexit$$00000003  c_w.l(rtexit2.o)
    0x08000190   0x08000190   0x00000006   Code   RO          374    .ARM.Collect$$rtexit$$00000004  c_w.l(rtexit2.o)
    0x08000196   0x08000196   0x00000002   PAD
    0x08000198   0x08000198   0x00000040   Code   RO          203  * .text               startup_stm32f10x_md.o
    0x080001d8   0x080001d8   0x0000003e   Code   RO          228    .text               c_w.l(strlen.o)
    0x08000216   0x08000216   0x00000006   Code   RO          230    .text               c_w.l(heapauxi.o)
    0x0800021c   0x0800021c   0x0000004a   Code   RO          309    .text               c_w.l(sys_stackheap_outer.o)
    0x08000266   0x08000266   0x00000012   Code   RO          311    .text               c_w.l(exit.o)
    0x08000278   0x08000278   0x00000008   Code   RO          319    .text               c_w.l(libspace.o)
    0x08000280   0x08000280   0x0000000c   Code   RO          382    .text               c_w.l(sys_exit.o)
    0x0800028c   0x0800028c   0x00000002   Code   RO          397    .text               c_w.l(use_no_semi.o)
    0x0800028e   0x0800028e   0x00000000   Code   RO          399    .text               c_w.l(indicate_semi.o)
    0x0800028e   0x0800028e   0x00000002   PAD
    0x08000290   0x08000290   0x0000002a   Code   RO          111    .text.Delay_Sys_MS  systic_lib.o
    0x080002ba   0x080002ba   0x00000002   PAD
    0x080002bc   0x080002bc   0x0000002a   Code   RO          109    .text.Delay_Sys_US  systic_lib.o
    0x080002e6   0x080002e6   0x00000002   PAD
    0x080002e8   0x080002e8   0x000000ca   Code   RO          182    .text.LCD1602_Send_command  1602_lcd_lib.o
    0x080003b2   0x080003b2   0x00000002   PAD
    0x080003b4   0x080003b4   0x000000c8   Code   RO          180    .text.LCD1602_Send_data  1602_lcd_lib.o
    0x0800047c   0x0800047c   0x0000009a   Code   RO          184    .text.LCD1602_init  1602_lcd_lib.o
    0x08000516   0x08000516   0x00000002   PAD
    0x08000518   0x08000518   0x0000005c   Code   RO          188    .text.LCD1602_print  1602_lcd_lib.o
    0x08000574   0x08000574   0x000000a6   Code   RO          192    .text.LCD1602_scroll_from_left  1602_lcd_lib.o
    0x0800061a   0x0800061a   0x00000002   PAD
    0x0800061c   0x0800061c   0x000000b0   Code   RO          190    .text.LCD1602_scroll_from_right  1602_lcd_lib.o
    0x080006cc   0x080006cc   0x00000008   Code   RO          212    .text.SetSysClock   system_stm32f10x.o
    0x080006d4   0x080006d4   0x00000122   Code   RO          216    .text.SetSysClockTo72  system_stm32f10x.o
    0x080007f6   0x080007f6   0x00000002   PAD
    0x080007f8   0x080007f8   0x00000036   Code   RO          107    .text.Sys_Delay_Milisecond  systic_lib.o
    0x0800082e   0x0800082e   0x00000002   PAD
    0x08000830   0x08000830   0x00000030   Code   RO          105    .text.Sys_delay_microsecond  systic_lib.o
    0x08000860   0x08000860   0x00000066   Code   RO          210    .text.SystemInit    system_stm32f10x.o
    0x080008c6   0x080008c6   0x00000002   PAD
    0x080008c8   0x080008c8   0x0000014a   Code   RO           10    .text.config_gpio   gpio_lib.o
    0x08000a12   0x08000a12   0x00000002   PAD
    0x08000a14   0x08000a14   0x00000034   Code   RO          186    .text.lcd1602_send_string  1602_lcd_lib.o
    0x08000a48   0x08000a48   0x0000003c   Code   RO           46    .text.main          main.o
    0x08000a84   0x08000a84   0x0000002e   Code   RO          103    .text.systic_init   systic_lib.o
    0x08000ab2   0x08000ab2   0x00000002   PAD
    0x08000ab4   0x08000ab4   0x000000b0   Code   RO           12    .text.write_gpio    gpio_lib.o
    0x08000b64   0x08000b64   0x00000045   Data   RO           48    .rodata.str1.1      main.o
    0x08000ba9   0x08000ba9   0x00000003   PAD
    0x08000bac   0x08000bac   0x00000010   Data   RO          455    Region$$Table       anon$$obj.o


    Execution Region ER_RW (Exec base: 0x20000000, Load base: 0x08000bbc, Size: 0x00000000, Max: 0xffffffff, ABSOLUTE)

    **** No section assigned to this execution region ****


    Execution Region ER_ZI (Exec base: 0x20000000, Load base: 0x08000bbc, Size: 0x00000660, Max: 0xffffffff, ABSOLUTE)

    Exec Addr    Load Addr    Size         Type   Attr      Idx    E Section Name        Object

    0x20000000        -       0x00000060   Zero   RW          320    .bss                c_w.l(libspace.o)
    0x20000060        -       0x00000200   Zero   RW          201    HEAP                startup_stm32f10x_md.o
    0x20000260        -       0x00000400   Zero   RW          200    STACK               startup_stm32f10x_md.o


==============================================================================

Image component sizes


      Code (inc. data)   RO Data    RW Data    ZI Data      Debug   Object Name

      1042          0          0          0          0       2763   1602_lcd_lib.o
       506          0          0          0          0       1911   gpio_lib.o
        60          0         69          0          0        494   main.o
        64         26        236          0       1536        836   startup_stm32f10x_md.o
       400          0          0          0          0       2990   system_stm32f10x.o
       232          0          0          0          0       1329   systic_lib.o

    ----------------------------------------------------------------------
      2324         26        324          0       1536      10323   Object Totals
         0          0         16          0          0          0   (incl. Generated)
        20          0          3          0          0          0   (incl. Padding)

    ----------------------------------------------------------------------

      Code (inc. data)   RO Data    RW Data    ZI Data      Debug   Library Member Name

         8          0          0          0          0         68   __main.o
         0          0          0          0          0          0   __rtentry.o
        12          0          0          0          0          0   __rtentry2.o
         6          0          0          0          0          0   __rtentry4.o
        94          8          0          0          0          0   __scatter.o
        28          0          0          0          0          0   __scatter_zi.o
        18          0          0          0          0         80   exit.o
         6          0          0          0          0        152   heapauxi.o
         0          0          0          0          0          0   indicate_semi.o
         2          0          0          0          0          0   libinit.o
         2          0          0          0          0          0   libinit2.o
         2          0          0          0          0          0   libshutdown.o
         2          0          0          0          0          0   libshutdown2.o
         8          4          0          0         96         68   libspace.o
         2          0          0          0          0          0   rtexit.o
        10          0          0          0          0          0   rtexit2.o
        62          0          0          0          0         76   strlen.o
        12          4          0          0          0         68   sys_exit.o
        74          0          0          0          0         80   sys_stackheap_outer.o
         2          0          0          0          0         68   use_no_semi.o

    ----------------------------------------------------------------------
       356         16          0          0         96        660   Library Totals
         6          0          0          0          0          0   (incl. Padding)

    ----------------------------------------------------------------------

      Code (inc. data)   RO Data    RW Data    ZI Data      Debug   Library Name

       350         16          0          0         96        660   c_w.l

    ----------------------------------------------------------------------
       356         16          0          0         96        660   Library Totals

    ----------------------------------------------------------------------

==============================================================================


      Code (inc. data)   RO Data    RW Data    ZI Data      Debug   

      2680         42        324          0       1632      10743   Grand Totals
      2680         42        324          0       1632      10743   ELF Image Totals
      2680         42        324          0          0          0   ROM Totals

==============================================================================

    Total RO  Size (Code + RO Data)                 3004 (   2.93kB)
    Total RW  Size (RW Data + ZI Data)              1632 (   1.59kB)
    Total ROM Size (Code + RO Data + RW Data)       3004 (   2.93kB)

==============================================================================

